2026-06-11 12:24:57 [INFO] 📝 Sistema de logging doble inicializado (INFO dual).
2026-06-11 12:25:38 [INFO] 📝 Sistema de logging doble inicializado (INFO dual).
2026-06-11 12:26:25 [INFO] 📝 Sistema de logging doble inicializado (INFO dual).
2026-06-11 12:26:45 [INFO] 📝 Sistema de logging doble inicializado (INFO dual).
2026-06-11 12:27:01 [INFO] 📝 Sistema de logging doble inicializado (INFO dual).
2026-06-11 12:29:56 [INFO] 📝 Sistema de logging doble inicializado (INFO dual).
2026-06-11 12:29:56 [INFO] Etiquetas autorizadas para cargar: 
2026-06-11 12:29:56 [INFO]    correct
2026-06-11 12:29:56 [INFO]    access_token_auth_header_error_401
2026-06-11 12:29:56 [INFO]    access_token_authorization_form_401
2026-06-11 12:29:56 [INFO]    access_token_client_id_not_found_404
2026-06-11 12:29:56 [INFO]    access_token_client_secret_wrong_401
2026-06-11 12:29:56 [INFO]    access_token_form_urlencoded_400
2026-06-11 12:29:56 [INFO]    access_token_illegal_grant_type_400
2026-06-11 12:29:56 [INFO]    access_token_missing_authorization_header_400
2026-06-11 12:29:56 [INFO]    authorization_code_client_id_missing_400
2026-06-11 12:29:56 [INFO]    authorization_code_invalid_client_id_404
2026-06-11 12:29:56 [INFO]    authorization_code_invalid_password_401
2026-06-11 12:29:56 [INFO]    authorization_code_missing_response_type_400
2026-06-11 12:29:56 [INFO]    authorization_code_response_not_code_400
2026-06-11 12:29:56 [INFO]    code_challenge_invalid_format_pkce_400
2026-06-11 12:29:56 [INFO]    code_challenge_too_long_pkce_400
2026-06-11 12:29:56 [INFO]    code_challenge_too_short_pkce_400
2026-06-11 12:29:56 [INFO]    code_verifier_missing_pkce_400
2026-06-11 12:29:56 [INFO]    code_verifier_too_long_pkce_400
2026-06-11 12:29:56 [INFO]    code_verifier_too_short_pkce_400
2026-06-11 12:29:56 [INFO]    delete_client_404_no_client
2026-06-11 12:29:56 [INFO]    delete_service_404_no_service
2026-06-11 12:29:56 [INFO]    delete_token_404
2026-06-11 12:29:56 [INFO]    delete_user_404_no_user
2026-06-11 12:29:56 [INFO]    get_client_404_no_client
2026-06-11 12:29:56 [INFO]    get_client_page_400_no_page
2026-06-11 12:29:56 [INFO]    get_service_404_no_service
2026-06-11 12:29:56 [INFO]    get_service_page_400_no_page
2026-06-11 12:29:56 [INFO]    get_token_404
2026-06-11 12:29:56 [INFO]    get_token_page_400_no_page
2026-06-11 12:29:56 [INFO]    get_user_404_no_user
2026-06-11 12:29:56 [INFO]    get_user_page_400_no_page
2026-06-11 12:29:56 [INFO]    invalid_code_challenge_method_pkce_400
2026-06-11 12:29:56 [INFO]    invalid_code_verifier_format_PKCE_400
2026-06-11 12:29:56 [INFO]    register_client_400_clientProfile
2026-06-11 12:29:56 [INFO]    register_client_400_clientType
2026-06-11 12:29:56 [INFO]    register_client_404_no_user
2026-06-11 12:29:56 [INFO]    register_service_400_service_id
2026-06-11 12:29:56 [INFO]    register_service_400_service_type
2026-06-11 12:29:56 [INFO]    register_service_404_no_user
2026-06-11 12:29:56 [INFO]    register_user_400_email_exists
2026-06-11 12:29:56 [INFO]    register_user_400_no_password
2026-06-11 12:29:56 [INFO]    register_user_400_password_no_match
2026-06-11 12:29:56 [INFO]    register_user_400_user_exists
2026-06-11 12:29:56 [INFO]    update_client_400_clientProfile
2026-06-11 12:29:56 [INFO]    update_client_400_clientType
2026-06-11 12:29:56 [INFO]    update_client_404_clientId
2026-06-11 12:29:56 [INFO]    update_client_404_ownerId
2026-06-11 12:29:56 [INFO]    update_password_400_not_match
2026-06-11 12:29:56 [INFO]    update_password_401_wrong_password
2026-06-11 12:29:56 [INFO]    update_password_404_user_not_found
2026-06-11 12:29:56 [INFO]    update_service_404_service_id
2026-06-11 12:29:56 [INFO]    update_service_404_user_id
2026-06-11 12:29:56 [INFO]    update_user_404_no_user
2026-06-11 12:29:56 [INFO]    verification_failed_pkce_400
2026-06-11 22:25:26 [INFO] 📝 Sistema de logging doble inicializado (INFO dual).
2026-06-11 22:25:26 [INFO] Etiquetas autorizadas para cargar: 
2026-06-11 22:25:26 [INFO]    correct
2026-06-11 22:25:26 [INFO]    access_token_auth_header_error_401
2026-06-11 22:25:26 [INFO]    access_token_authorization_form_401
2026-06-11 22:25:26 [INFO]    access_token_client_id_not_found_404
2026-06-11 22:25:26 [INFO]    access_token_client_secret_wrong_401
2026-06-11 22:25:26 [INFO]    access_token_form_urlencoded_400
2026-06-11 22:25:26 [INFO]    access_token_illegal_grant_type_400
2026-06-11 22:25:26 [INFO]    access_token_missing_authorization_header_400
2026-06-11 22:25:26 [INFO]    authorization_code_client_id_missing_400
2026-06-11 22:25:26 [INFO]    authorization_code_invalid_client_id_404
2026-06-11 22:25:26 [INFO]    authorization_code_invalid_password_401
2026-06-11 22:25:26 [INFO]    authorization_code_missing_response_type_400
2026-06-11 22:25:26 [INFO]    authorization_code_response_not_code_400
2026-06-11 22:25:26 [INFO]    code_challenge_invalid_format_pkce_400
2026-06-11 22:25:26 [INFO]    code_challenge_too_long_pkce_400
2026-06-11 22:25:26 [INFO]    code_challenge_too_short_pkce_400
2026-06-11 22:25:26 [INFO]    code_verifier_missing_pkce_400
2026-06-11 22:25:26 [INFO]    code_verifier_too_long_pkce_400
2026-06-11 22:25:26 [INFO]    code_verifier_too_short_pkce_400
2026-06-11 22:25:26 [INFO]    delete_client_404_no_client
2026-06-11 22:25:26 [INFO]    delete_service_404_no_service
2026-06-11 22:25:26 [INFO]    delete_token_404
2026-06-11 22:25:26 [INFO]    delete_user_404_no_user
2026-06-11 22:25:26 [INFO]    get_client_404_no_client
2026-06-11 22:25:26 [INFO]    get_client_page_400_no_page
2026-06-11 22:25:26 [INFO]    get_service_404_no_service
2026-06-11 22:25:26 [INFO]    get_service_page_400_no_page
2026-06-11 22:25:26 [INFO]    get_token_404
2026-06-11 22:25:26 [INFO]    get_token_page_400_no_page
2026-06-11 22:25:26 [INFO]    get_user_404_no_user
2026-06-11 22:25:26 [INFO]    get_user_page_400_no_page
2026-06-11 22:25:26 [INFO]    invalid_code_challenge_method_pkce_400
2026-06-11 22:25:26 [INFO]    invalid_code_verifier_format_PKCE_400
2026-06-11 22:25:26 [INFO]    register_client_400_clientProfile
2026-06-11 22:25:26 [INFO]    register_client_400_clientType
2026-06-11 22:25:26 [INFO]    register_client_404_no_user
2026-06-11 22:25:26 [INFO]    register_service_400_service_id
2026-06-11 22:25:26 [INFO]    register_service_400_service_type
2026-06-11 22:25:26 [INFO]    register_service_404_no_user
2026-06-11 22:25:26 [INFO]    register_user_400_email_exists
2026-06-11 22:25:26 [INFO]    register_user_400_no_password
2026-06-11 22:25:26 [INFO]    register_user_400_password_no_match
2026-06-11 22:25:26 [INFO]    register_user_400_user_exists
2026-06-11 22:25:26 [INFO]    update_client_400_clientProfile
2026-06-11 22:25:26 [INFO]    update_client_400_clientType
2026-06-11 22:25:26 [INFO]    update_client_404_clientId
2026-06-11 22:25:26 [INFO]    update_client_404_ownerId
2026-06-11 22:25:26 [INFO]    update_password_400_not_match
2026-06-11 22:25:26 [INFO]    update_password_401_wrong_password
2026-06-11 22:25:26 [INFO]    update_password_404_user_not_found
2026-06-11 22:25:26 [INFO]    update_service_404_service_id
2026-06-11 22:25:26 [INFO]    update_service_404_user_id
2026-06-11 22:25:26 [INFO]    update_user_404_no_user
2026-06-11 22:25:26 [INFO]    verification_failed_pkce_400
2026-06-11 22:25:26 [INFO] Abierto fichero zip d:\backup onedrive gva\PERSONAL\master_bigdata_VIU\TFM\tfm-microservices-anomaly-detection\server1\data/lo2-data.zip
2026-06-11 22:26:11 [INFO] 📝 Sistema de logging doble inicializado (INFO dual).
2026-06-11 22:26:11 [INFO] Etiquetas autorizadas para cargar: 
2026-06-11 22:26:11 [INFO]    correct
2026-06-11 22:26:11 [INFO]    access_token_auth_header_error_401
2026-06-11 22:26:11 [INFO]    access_token_authorization_form_401
2026-06-11 22:26:11 [INFO]    access_token_client_id_not_found_404
2026-06-11 22:26:11 [INFO]    access_token_client_secret_wrong_401
2026-06-11 22:26:11 [INFO]    access_token_form_urlencoded_400
2026-06-11 22:26:11 [INFO]    access_token_illegal_grant_type_400
2026-06-11 22:26:11 [INFO]    access_token_missing_authorization_header_400
2026-06-11 22:26:11 [INFO]    authorization_code_client_id_missing_400
2026-06-11 22:26:11 [INFO]    authorization_code_invalid_client_id_404
2026-06-11 22:26:11 [INFO]    authorization_code_invalid_password_401
2026-06-11 22:26:11 [INFO]    authorization_code_missing_response_type_400
2026-06-11 22:26:11 [INFO]    authorization_code_response_not_code_400
2026-06-11 22:26:11 [INFO]    code_challenge_invalid_format_pkce_400
2026-06-11 22:26:11 [INFO]    code_challenge_too_long_pkce_400
2026-06-11 22:26:11 [INFO]    code_challenge_too_short_pkce_400
2026-06-11 22:26:11 [INFO]    code_verifier_missing_pkce_400
2026-06-11 22:26:11 [INFO]    code_verifier_too_long_pkce_400
2026-06-11 22:26:11 [INFO]    code_verifier_too_short_pkce_400
2026-06-11 22:26:11 [INFO]    delete_client_404_no_client
2026-06-11 22:26:11 [INFO]    delete_service_404_no_service
2026-06-11 22:26:11 [INFO]    delete_token_404
2026-06-11 22:26:11 [INFO]    delete_user_404_no_user
2026-06-11 22:26:11 [INFO]    get_client_404_no_client
2026-06-11 22:26:11 [INFO]    get_client_page_400_no_page
2026-06-11 22:26:11 [INFO]    get_service_404_no_service
2026-06-11 22:26:11 [INFO]    get_service_page_400_no_page
2026-06-11 22:26:11 [INFO]    get_token_404
2026-06-11 22:26:11 [INFO]    get_token_page_400_no_page
2026-06-11 22:26:11 [INFO]    get_user_404_no_user
2026-06-11 22:26:11 [INFO]    get_user_page_400_no_page
2026-06-11 22:26:11 [INFO]    invalid_code_challenge_method_pkce_400
2026-06-11 22:26:11 [INFO]    invalid_code_verifier_format_PKCE_400
2026-06-11 22:26:11 [INFO]    register_client_400_clientProfile
2026-06-11 22:26:11 [INFO]    register_client_400_clientType
2026-06-11 22:26:11 [INFO]    register_client_404_no_user
2026-06-11 22:26:11 [INFO]    register_service_400_service_id
2026-06-11 22:26:11 [INFO]    register_service_400_service_type
2026-06-11 22:26:11 [INFO]    register_service_404_no_user
2026-06-11 22:26:11 [INFO]    register_user_400_email_exists
2026-06-11 22:26:11 [INFO]    register_user_400_no_password
2026-06-11 22:26:11 [INFO]    register_user_400_password_no_match
2026-06-11 22:26:11 [INFO]    register_user_400_user_exists
2026-06-11 22:26:11 [INFO]    update_client_400_clientProfile
2026-06-11 22:26:11 [INFO]    update_client_400_clientType
2026-06-11 22:26:11 [INFO]    update_client_404_clientId
2026-06-11 22:26:11 [INFO]    update_client_404_ownerId
2026-06-11 22:26:11 [INFO]    update_password_400_not_match
2026-06-11 22:26:11 [INFO]    update_password_401_wrong_password
2026-06-11 22:26:11 [INFO]    update_password_404_user_not_found
2026-06-11 22:26:11 [INFO]    update_service_404_service_id
2026-06-11 22:26:11 [INFO]    update_service_404_user_id
2026-06-11 22:26:11 [INFO]    update_user_404_no_user
2026-06-11 22:26:11 [INFO]    verification_failed_pkce_400
2026-06-11 22:26:11 [INFO] Abierto fichero zip d:\backup onedrive gva\PERSONAL\master_bigdata_VIU\TFM\tfm-microservices-anomaly-detection\server1\data/lo2-data.zip
2026-06-11 22:26:11 [INFO] N_datos = 0
2026-06-11 22:26:11 [INFO] N_datos = 0
2026-06-11 22:26:11 [INFO] N_datos = 0
2026-06-11 22:26:11 [INFO] N_datos = 0
2026-06-11 22:26:11 [INFO] N_datos = 0
2026-06-11 22:26:11 [INFO] N_datos = 0
2026-06-11 22:26:11 [INFO] N_datos = 0
2026-06-11 22:26:11 [INFO] N_datos = 0
2026-06-11 22:26:11 [INFO] N_datos = 0
2026-06-11 22:26:11 [INFO] N_datos = 0
2026-06-11 22:26:11 [INFO] N_datos = 0
2026-06-11 22:26:37 [INFO] 📝 Sistema de logging doble inicializado (INFO dual).
2026-06-11 22:26:37 [INFO] Etiquetas autorizadas para cargar: 
2026-06-11 22:26:37 [INFO]    correct
2026-06-11 22:26:37 [INFO]    access_token_auth_header_error_401
2026-06-11 22:26:37 [INFO]    access_token_authorization_form_401
2026-06-11 22:26:37 [INFO]    access_token_client_id_not_found_404
2026-06-11 22:26:37 [INFO]    access_token_client_secret_wrong_401
2026-06-11 22:26:37 [INFO]    access_token_form_urlencoded_400
2026-06-11 22:26:37 [INFO]    access_token_illegal_grant_type_400
2026-06-11 22:26:37 [INFO]    access_token_missing_authorization_header_400
2026-06-11 22:26:37 [INFO]    authorization_code_client_id_missing_400
2026-06-11 22:26:37 [INFO]    authorization_code_invalid_client_id_404
2026-06-11 22:26:37 [INFO]    authorization_code_invalid_password_401
2026-06-11 22:26:37 [INFO]    authorization_code_missing_response_type_400
2026-06-11 22:26:37 [INFO]    authorization_code_response_not_code_400
2026-06-11 22:26:37 [INFO]    code_challenge_invalid_format_pkce_400
2026-06-11 22:26:37 [INFO]    code_challenge_too_long_pkce_400
2026-06-11 22:26:37 [INFO]    code_challenge_too_short_pkce_400
2026-06-11 22:26:37 [INFO]    code_verifier_missing_pkce_400
2026-06-11 22:26:37 [INFO]    code_verifier_too_long_pkce_400
2026-06-11 22:26:37 [INFO]    code_verifier_too_short_pkce_400
2026-06-11 22:26:37 [INFO]    delete_client_404_no_client
2026-06-11 22:26:37 [INFO]    delete_service_404_no_service
2026-06-11 22:26:37 [INFO]    delete_token_404
2026-06-11 22:26:37 [INFO]    delete_user_404_no_user
2026-06-11 22:26:37 [INFO]    get_client_404_no_client
2026-06-11 22:26:37 [INFO]    get_client_page_400_no_page
2026-06-11 22:26:37 [INFO]    get_service_404_no_service
2026-06-11 22:26:37 [INFO]    get_service_page_400_no_page
2026-06-11 22:26:37 [INFO]    get_token_404
2026-06-11 22:26:37 [INFO]    get_token_page_400_no_page
2026-06-11 22:26:37 [INFO]    get_user_404_no_user
2026-06-11 22:26:37 [INFO]    get_user_page_400_no_page
2026-06-11 22:26:37 [INFO]    invalid_code_challenge_method_pkce_400
2026-06-11 22:26:37 [INFO]    invalid_code_verifier_format_PKCE_400
2026-06-11 22:26:37 [INFO]    register_client_400_clientProfile
2026-06-11 22:26:37 [INFO]    register_client_400_clientType
2026-06-11 22:26:37 [INFO]    register_client_404_no_user
2026-06-11 22:26:37 [INFO]    register_service_400_service_id
2026-06-11 22:26:37 [INFO]    register_service_400_service_type
2026-06-11 22:26:37 [INFO]    register_service_404_no_user
2026-06-11 22:26:37 [INFO]    register_user_400_email_exists
2026-06-11 22:26:37 [INFO]    register_user_400_no_password
2026-06-11 22:26:37 [INFO]    register_user_400_password_no_match
2026-06-11 22:26:37 [INFO]    register_user_400_user_exists
2026-06-11 22:26:37 [INFO]    update_client_400_clientProfile
2026-06-11 22:26:37 [INFO]    update_client_400_clientType
2026-06-11 22:26:37 [INFO]    update_client_404_clientId
2026-06-11 22:26:37 [INFO]    update_client_404_ownerId
2026-06-11 22:26:37 [INFO]    update_password_400_not_match
2026-06-11 22:26:37 [INFO]    update_password_401_wrong_password
2026-06-11 22:26:37 [INFO]    update_password_404_user_not_found
2026-06-11 22:26:37 [INFO]    update_service_404_service_id
2026-06-11 22:26:37 [INFO]    update_service_404_user_id
2026-06-11 22:26:37 [INFO]    update_user_404_no_user
2026-06-11 22:26:37 [INFO]    verification_failed_pkce_400
2026-06-11 22:26:37 [INFO] Abierto fichero zip d:\backup onedrive gva\PERSONAL\master_bigdata_VIU\TFM\tfm-microservices-anomaly-detection\server1\data/lo2-data.zip
2026-06-11 22:26:37 [INFO] N_datos = 0
2026-06-11 22:26:37 [INFO] N_datos = 0
2026-06-11 22:26:37 [INFO] N_datos = 0
2026-06-11 22:26:37 [INFO] N_datos = 0
2026-06-11 22:26:37 [INFO] N_datos = 0
2026-06-11 22:26:37 [INFO] N_datos = 0
2026-06-11 22:26:37 [INFO] N_datos = 0
2026-06-11 22:26:37 [INFO] N_datos = 0
2026-06-11 22:26:38 [INFO] N_datos = 0
2026-06-11 22:26:38 [INFO] N_datos = 0
2026-06-11 22:26:38 [INFO] N_datos = 0
2026-06-11 22:26:46 [INFO] 📝 Sistema de logging doble inicializado (INFO dual).
2026-06-11 22:26:46 [INFO] Etiquetas autorizadas para cargar: 
2026-06-11 22:26:46 [INFO]    correct
2026-06-11 22:26:46 [INFO]    access_token_auth_header_error_401
2026-06-11 22:26:46 [INFO]    access_token_authorization_form_401
2026-06-11 22:26:46 [INFO]    access_token_client_id_not_found_404
2026-06-11 22:26:46 [INFO]    access_token_client_secret_wrong_401
2026-06-11 22:26:46 [INFO]    access_token_form_urlencoded_400
2026-06-11 22:26:46 [INFO]    access_token_illegal_grant_type_400
2026-06-11 22:26:46 [INFO]    access_token_missing_authorization_header_400
2026-06-11 22:26:46 [INFO]    authorization_code_client_id_missing_400
2026-06-11 22:26:46 [INFO]    authorization_code_invalid_client_id_404
2026-06-11 22:26:46 [INFO]    authorization_code_invalid_password_401
2026-06-11 22:26:46 [INFO]    authorization_code_missing_response_type_400
2026-06-11 22:26:46 [INFO]    authorization_code_response_not_code_400
2026-06-11 22:26:46 [INFO]    code_challenge_invalid_format_pkce_400
2026-06-11 22:26:46 [INFO]    code_challenge_too_long_pkce_400
2026-06-11 22:26:46 [INFO]    code_challenge_too_short_pkce_400
2026-06-11 22:26:46 [INFO]    code_verifier_missing_pkce_400
2026-06-11 22:26:46 [INFO]    code_verifier_too_long_pkce_400
2026-06-11 22:26:46 [INFO]    code_verifier_too_short_pkce_400
2026-06-11 22:26:46 [INFO]    delete_client_404_no_client
2026-06-11 22:26:46 [INFO]    delete_service_404_no_service
2026-06-11 22:26:46 [INFO]    delete_token_404
2026-06-11 22:26:46 [INFO]    delete_user_404_no_user
2026-06-11 22:26:46 [INFO]    get_client_404_no_client
2026-06-11 22:26:46 [INFO]    get_client_page_400_no_page
2026-06-11 22:26:46 [INFO]    get_service_404_no_service
2026-06-11 22:26:46 [INFO]    get_service_page_400_no_page
2026-06-11 22:26:46 [INFO]    get_token_404
2026-06-11 22:26:46 [INFO]    get_token_page_400_no_page
2026-06-11 22:26:46 [INFO]    get_user_404_no_user
2026-06-11 22:26:46 [INFO]    get_user_page_400_no_page
2026-06-11 22:26:46 [INFO]    invalid_code_challenge_method_pkce_400
2026-06-11 22:26:46 [INFO]    invalid_code_verifier_format_PKCE_400
2026-06-11 22:26:46 [INFO]    register_client_400_clientProfile
2026-06-11 22:26:46 [INFO]    register_client_400_clientType
2026-06-11 22:26:46 [INFO]    register_client_404_no_user
2026-06-11 22:26:46 [INFO]    register_service_400_service_id
2026-06-11 22:26:46 [INFO]    register_service_400_service_type
2026-06-11 22:26:46 [INFO]    register_service_404_no_user
2026-06-11 22:26:46 [INFO]    register_user_400_email_exists
2026-06-11 22:26:46 [INFO]    register_user_400_no_password
2026-06-11 22:26:46 [INFO]    register_user_400_password_no_match
2026-06-11 22:26:46 [INFO]    register_user_400_user_exists
2026-06-11 22:26:46 [INFO]    update_client_400_clientProfile
2026-06-11 22:26:46 [INFO]    update_client_400_clientType
2026-06-11 22:26:46 [INFO]    update_client_404_clientId
2026-06-11 22:26:46 [INFO]    update_client_404_ownerId
2026-06-11 22:26:46 [INFO]    update_password_400_not_match
2026-06-11 22:26:46 [INFO]    update_password_401_wrong_password
2026-06-11 22:26:46 [INFO]    update_password_404_user_not_found
2026-06-11 22:26:46 [INFO]    update_service_404_service_id
2026-06-11 22:26:46 [INFO]    update_service_404_user_id
2026-06-11 22:26:46 [INFO]    update_user_404_no_user
2026-06-11 22:26:46 [INFO]    verification_failed_pkce_400
2026-06-11 22:26:46 [INFO] Abierto fichero zip D:\backup onedrive gva\PERSONAL\master_bigdata_VIU\TFM\tfm-microservices-anomaly-detection\server1\data/lo2-data.zip
2026-06-11 22:26:46 [INFO] N_datos = 0
2026-06-11 22:26:46 [INFO] N_datos = 0
2026-06-11 22:26:46 [INFO] N_datos = 0
2026-06-11 22:26:46 [INFO] N_datos = 0
2026-06-11 22:26:46 [INFO] N_datos = 0
2026-06-11 22:26:46 [INFO] N_datos = 0
2026-06-11 22:26:46 [INFO] N_datos = 0
2026-06-11 22:26:46 [INFO] N_datos = 0
2026-06-11 22:26:46 [INFO] N_datos = 0
2026-06-11 22:26:46 [INFO] N_datos = 0
2026-06-11 22:26:46 [INFO] N_datos = 0
2026-06-11 22:28:18 [INFO] 📝 Sistema de logging doble inicializado (INFO dual).
2026-06-11 22:28:18 [INFO] Etiquetas autorizadas para cargar: 
2026-06-11 22:28:18 [INFO]    correct
2026-06-11 22:28:18 [INFO]    access_token_auth_header_error_401
2026-06-11 22:28:18 [INFO]    access_token_authorization_form_401
2026-06-11 22:28:18 [INFO]    access_token_client_id_not_found_404
2026-06-11 22:28:18 [INFO]    access_token_client_secret_wrong_401
2026-06-11 22:28:18 [INFO]    access_token_form_urlencoded_400
2026-06-11 22:28:18 [INFO]    access_token_illegal_grant_type_400
2026-06-11 22:28:18 [INFO]    access_token_missing_authorization_header_400
2026-06-11 22:28:18 [INFO]    authorization_code_client_id_missing_400
2026-06-11 22:28:18 [INFO]    authorization_code_invalid_client_id_404
2026-06-11 22:28:18 [INFO]    authorization_code_invalid_password_401
2026-06-11 22:28:18 [INFO]    authorization_code_missing_response_type_400
2026-06-11 22:28:18 [INFO]    authorization_code_response_not_code_400
2026-06-11 22:28:18 [INFO]    code_challenge_invalid_format_pkce_400
2026-06-11 22:28:18 [INFO]    code_challenge_too_long_pkce_400
2026-06-11 22:28:18 [INFO]    code_challenge_too_short_pkce_400
2026-06-11 22:28:18 [INFO]    code_verifier_missing_pkce_400
2026-06-11 22:28:18 [INFO]    code_verifier_too_long_pkce_400
2026-06-11 22:28:18 [INFO]    code_verifier_too_short_pkce_400
2026-06-11 22:28:18 [INFO]    delete_client_404_no_client
2026-06-11 22:28:18 [INFO]    delete_service_404_no_service
2026-06-11 22:28:18 [INFO]    delete_token_404
2026-06-11 22:28:18 [INFO]    delete_user_404_no_user
2026-06-11 22:28:18 [INFO]    get_client_404_no_client
2026-06-11 22:28:18 [INFO]    get_client_page_400_no_page
2026-06-11 22:28:18 [INFO]    get_service_404_no_service
2026-06-11 22:28:18 [INFO]    get_service_page_400_no_page
2026-06-11 22:28:18 [INFO]    get_token_404
2026-06-11 22:28:18 [INFO]    get_token_page_400_no_page
2026-06-11 22:28:18 [INFO]    get_user_404_no_user
2026-06-11 22:28:18 [INFO]    get_user_page_400_no_page
2026-06-11 22:28:18 [INFO]    invalid_code_challenge_method_pkce_400
2026-06-11 22:28:18 [INFO]    invalid_code_verifier_format_PKCE_400
2026-06-11 22:28:18 [INFO]    register_client_400_clientProfile
2026-06-11 22:28:18 [INFO]    register_client_400_clientType
2026-06-11 22:28:18 [INFO]    register_client_404_no_user
2026-06-11 22:28:18 [INFO]    register_service_400_service_id
2026-06-11 22:28:18 [INFO]    register_service_400_service_type
2026-06-11 22:28:18 [INFO]    register_service_404_no_user
2026-06-11 22:28:18 [INFO]    register_user_400_email_exists
2026-06-11 22:28:18 [INFO]    register_user_400_no_password
2026-06-11 22:28:18 [INFO]    register_user_400_password_no_match
2026-06-11 22:28:18 [INFO]    register_user_400_user_exists
2026-06-11 22:28:18 [INFO]    update_client_400_clientProfile
2026-06-11 22:28:18 [INFO]    update_client_400_clientType
2026-06-11 22:28:18 [INFO]    update_client_404_clientId
2026-06-11 22:28:18 [INFO]    update_client_404_ownerId
2026-06-11 22:28:18 [INFO]    update_password_400_not_match
2026-06-11 22:28:18 [INFO]    update_password_401_wrong_password
2026-06-11 22:28:18 [INFO]    update_password_404_user_not_found
2026-06-11 22:28:18 [INFO]    update_service_404_service_id
2026-06-11 22:28:18 [INFO]    update_service_404_user_id
2026-06-11 22:28:18 [INFO]    update_user_404_no_user
2026-06-11 22:28:18 [INFO]    verification_failed_pkce_400
2026-06-11 22:28:18 [INFO] Abierto fichero zip D:\backup onedrive gva\PERSONAL\master_bigdata_VIU\TFM\tfm-microservices-anomaly-detection\server1\data/lo2-data.zip
2026-06-11 22:28:18 [INFO] N_datos = 0
2026-06-11 22:28:18 [INFO] N_datos = 0
2026-06-11 22:28:18 [INFO] N_datos = 0
2026-06-11 22:28:18 [INFO] N_datos = 0
2026-06-11 22:28:19 [INFO] N_datos = 0
2026-06-11 22:28:19 [INFO] N_datos = 0
2026-06-11 22:28:19 [INFO] N_datos = 0
2026-06-11 22:28:19 [INFO] N_datos = 0
2026-06-11 22:28:19 [INFO] N_datos = 0
2026-06-11 22:28:19 [INFO] N_datos = 0
2026-06-11 22:28:19 [INFO] N_datos = 0
2026-06-11 22:29:28 [INFO] 📝 Sistema de logging doble inicializado (INFO dual).
2026-06-11 22:29:28 [INFO] Etiquetas autorizadas para cargar: 
2026-06-11 22:29:28 [INFO]    correct
2026-06-11 22:29:28 [INFO]    access_token_auth_header_error_401
2026-06-11 22:29:28 [INFO]    access_token_authorization_form_401
2026-06-11 22:29:28 [INFO]    access_token_client_id_not_found_404
2026-06-11 22:29:28 [INFO]    access_token_client_secret_wrong_401
2026-06-11 22:29:28 [INFO]    access_token_form_urlencoded_400
2026-06-11 22:29:28 [INFO]    access_token_illegal_grant_type_400
2026-06-11 22:29:28 [INFO]    access_token_missing_authorization_header_400
2026-06-11 22:29:28 [INFO]    authorization_code_client_id_missing_400
2026-06-11 22:29:28 [INFO]    authorization_code_invalid_client_id_404
2026-06-11 22:29:28 [INFO]    authorization_code_invalid_password_401
2026-06-11 22:29:28 [INFO]    authorization_code_missing_response_type_400
2026-06-11 22:29:28 [INFO]    authorization_code_response_not_code_400
2026-06-11 22:29:28 [INFO]    code_challenge_invalid_format_pkce_400
2026-06-11 22:29:28 [INFO]    code_challenge_too_long_pkce_400
2026-06-11 22:29:28 [INFO]    code_challenge_too_short_pkce_400
2026-06-11 22:29:28 [INFO]    code_verifier_missing_pkce_400
2026-06-11 22:29:28 [INFO]    code_verifier_too_long_pkce_400
2026-06-11 22:29:28 [INFO]    code_verifier_too_short_pkce_400
2026-06-11 22:29:28 [INFO]    delete_client_404_no_client
2026-06-11 22:29:28 [INFO]    delete_service_404_no_service
2026-06-11 22:29:28 [INFO]    delete_token_404
2026-06-11 22:29:28 [INFO]    delete_user_404_no_user
2026-06-11 22:29:28 [INFO]    get_client_404_no_client
2026-06-11 22:29:28 [INFO]    get_client_page_400_no_page
2026-06-11 22:29:28 [INFO]    get_service_404_no_service
2026-06-11 22:29:28 [INFO]    get_service_page_400_no_page
2026-06-11 22:29:28 [INFO]    get_token_404
2026-06-11 22:29:28 [INFO]    get_token_page_400_no_page
2026-06-11 22:29:28 [INFO]    get_user_404_no_user
2026-06-11 22:29:28 [INFO]    get_user_page_400_no_page
2026-06-11 22:29:28 [INFO]    invalid_code_challenge_method_pkce_400
2026-06-11 22:29:28 [INFO]    invalid_code_verifier_format_PKCE_400
2026-06-11 22:29:28 [INFO]    register_client_400_clientProfile
2026-06-11 22:29:28 [INFO]    register_client_400_clientType
2026-06-11 22:29:28 [INFO]    register_client_404_no_user
2026-06-11 22:29:28 [INFO]    register_service_400_service_id
2026-06-11 22:29:28 [INFO]    register_service_400_service_type
2026-06-11 22:29:28 [INFO]    register_service_404_no_user
2026-06-11 22:29:28 [INFO]    register_user_400_email_exists
2026-06-11 22:29:28 [INFO]    register_user_400_no_password
2026-06-11 22:29:28 [INFO]    register_user_400_password_no_match
2026-06-11 22:29:28 [INFO]    register_user_400_user_exists
2026-06-11 22:29:28 [INFO]    update_client_400_clientProfile
2026-06-11 22:29:28 [INFO]    update_client_400_clientType
2026-06-11 22:29:28 [INFO]    update_client_404_clientId
2026-06-11 22:29:28 [INFO]    update_client_404_ownerId
2026-06-11 22:29:28 [INFO]    update_password_400_not_match
2026-06-11 22:29:28 [INFO]    update_password_401_wrong_password
2026-06-11 22:29:28 [INFO]    update_password_404_user_not_found
2026-06-11 22:29:28 [INFO]    update_service_404_service_id
2026-06-11 22:29:28 [INFO]    update_service_404_user_id
2026-06-11 22:29:28 [INFO]    update_user_404_no_user
2026-06-11 22:29:28 [INFO]    verification_failed_pkce_400
2026-06-11 22:29:28 [INFO] Abierto fichero zip d:\backup onedrive gva\PERSONAL\master_bigdata_VIU\TFM\tfm-microservices-anomaly-detection\server1\data/lo2-data.zip
2026-06-11 22:29:28 [INFO] N_datos = 0
2026-06-11 22:29:28 [INFO] N_datos = 0
2026-06-11 22:29:28 [INFO] N_datos = 0
2026-06-11 22:29:28 [INFO] N_datos = 0
2026-06-11 22:29:28 [INFO] N_datos = 0
2026-06-11 22:29:29 [INFO] N_datos = 0
2026-06-11 22:29:29 [INFO] N_datos = 0
2026-06-11 22:29:29 [INFO] N_datos = 0
2026-06-11 22:29:29 [INFO] N_datos = 0
2026-06-11 22:29:29 [INFO] N_datos = 0
2026-06-11 22:29:29 [INFO] N_datos = 0
