2026-06-12 23:11:38 [INFO] 📝 PRUEBA: ¡El log funciona correctamente!
2026-06-12 23:11:53 [INFO] 📝 Sistema de logging doble inicializado (Rotación: 10MB, Máx: 10 archivos).
2026-06-12 23:11:53 [INFO] 📝 Sistema de logging doble inicializado (Rotación: 10MB, Máx: 10 archivos).
2026-06-12 23:11:53 [INFO] Etiquetas autorizadas para cargar: 
2026-06-12 23:11:53 [INFO]    correct
2026-06-12 23:11:53 [INFO]    access_token_auth_header_error_401
2026-06-12 23:11:53 [INFO]    access_token_authorization_form_401
2026-06-12 23:11:53 [INFO]    access_token_client_id_not_found_404
2026-06-12 23:11:53 [INFO]    access_token_client_secret_wrong_401
2026-06-12 23:11:53 [INFO]    access_token_form_urlencoded_400
2026-06-12 23:11:53 [INFO]    access_token_illegal_grant_type_400
2026-06-12 23:11:53 [INFO]    access_token_missing_authorization_header_400
2026-06-12 23:11:53 [INFO]    authorization_code_client_id_missing_400
2026-06-12 23:11:53 [INFO]    authorization_code_invalid_client_id_404
2026-06-12 23:11:53 [INFO]    authorization_code_invalid_password_401
2026-06-12 23:11:53 [INFO]    authorization_code_missing_response_type_400
2026-06-12 23:11:53 [INFO]    authorization_code_response_not_code_400
2026-06-12 23:11:53 [INFO]    code_challenge_invalid_format_pkce_400
2026-06-12 23:11:53 [INFO]    code_challenge_too_long_pkce_400
2026-06-12 23:11:53 [INFO]    code_challenge_too_short_pkce_400
2026-06-12 23:11:53 [INFO]    code_verifier_missing_pkce_400
2026-06-12 23:11:53 [INFO]    code_verifier_too_long_pkce_400
2026-06-12 23:11:53 [INFO]    code_verifier_too_short_pkce_400
2026-06-12 23:11:53 [INFO]    delete_client_404_no_client
2026-06-12 23:11:53 [INFO]    delete_service_404_no_service
2026-06-12 23:11:53 [INFO]    delete_token_404
2026-06-12 23:11:53 [INFO]    delete_user_404_no_user
2026-06-12 23:11:53 [INFO]    get_client_404_no_client
2026-06-12 23:11:53 [INFO]    get_client_page_400_no_page
2026-06-12 23:11:53 [INFO]    get_service_404_no_service
2026-06-12 23:11:53 [INFO]    get_service_page_400_no_page
2026-06-12 23:11:53 [INFO]    get_token_404
2026-06-12 23:11:53 [INFO]    get_token_page_400_no_page
2026-06-12 23:11:53 [INFO]    get_user_404_no_user
2026-06-12 23:11:53 [INFO]    get_user_page_400_no_page
2026-06-12 23:11:53 [INFO]    invalid_code_challenge_method_pkce_400
2026-06-12 23:11:53 [INFO]    invalid_code_verifier_format_PKCE_400
2026-06-12 23:11:53 [INFO]    register_client_400_clientProfile
2026-06-12 23:11:53 [INFO]    register_client_400_clientType
2026-06-12 23:11:53 [INFO]    register_client_404_no_user
2026-06-12 23:11:53 [INFO]    register_service_400_service_id
2026-06-12 23:11:53 [INFO]    register_service_400_service_type
2026-06-12 23:11:53 [INFO]    register_service_404_no_user
2026-06-12 23:11:53 [INFO]    register_user_400_email_exists
2026-06-12 23:11:53 [INFO]    register_user_400_no_password
2026-06-12 23:11:53 [INFO]    register_user_400_password_no_match
2026-06-12 23:11:53 [INFO]    register_user_400_user_exists
2026-06-12 23:11:53 [INFO]    update_client_400_clientProfile
2026-06-12 23:11:53 [INFO]    update_client_400_clientType
2026-06-12 23:11:53 [INFO]    update_client_404_clientId
2026-06-12 23:11:53 [INFO]    update_client_404_ownerId
2026-06-12 23:11:53 [INFO]    update_password_400_not_match
2026-06-12 23:11:53 [INFO]    update_password_401_wrong_password
2026-06-12 23:11:53 [INFO]    update_password_404_user_not_found
2026-06-12 23:11:53 [INFO]    update_service_404_service_id
2026-06-12 23:11:53 [INFO]    update_service_404_user_id
2026-06-12 23:11:53 [INFO]    update_user_404_no_user
2026-06-12 23:11:53 [INFO]    verification_failed_pkce_400
2026-06-12 23:11:53 [INFO] Abierto fichero zip D:\backup onedrive gva\PERSONAL\master_bigdata_VIU\TFM\tfm-microservices-anomaly-detection\server1\data/lo2-data.zip
2026-06-12 23:11:53 [INFO] El fichero light-oauth2-data-1722481872.tar esta en el zip
2026-06-12 23:11:53 [INFO] Empezamos a leer light-oauth2-data-1722481872/correct/metrics/metric_go_gc_duration_seconds.json
2026-06-12 23:11:53 [ERROR] ❌ Fallo en [Carga de miembro: light-oauth2-data-1722481872/correct/metrics/metric_go_gc_duration_seconds.json] -> JSONDecodeError (decoder.py | raw_decode() | Línea 363)
2026-06-12 23:11:53 [INFO] ============================================================
2026-06-12 23:11:53 [INFO] 📋 DIAGNÓSTICO DE ERROR - CONTEXTO: CARGA DE MIEMBRO: LIGHT-OAUTH2-DATA-1722481872/CORRECT/METRICS/METRIC_GO_GC_DURATION_SECONDS.JSON
2026-06-12 23:11:53 [INFO] • Tipo de Error: JSONDecodeError
2026-06-12 23:11:53 [INFO] • Mensaje: Expecting value: line 1 column 1 (char 0)
2026-06-12 23:11:53 [INFO] • Archivo: decoder.py
2026-06-12 23:11:53 [INFO] • Función: raw_decode()
2026-06-12 23:11:53 [INFO] • Línea: 363
2026-06-12 23:11:53 [INFO] • Código problemático: raise JSONDecodeError("Expecting value", s, err.value) from None
2026-06-12 23:11:53 [INFO] ============================================================
2026-06-12 23:11:53 [INFO] Fin lectura      light-oauth2-data-1722481872/correct/metrics/metric_go_gc_duration_seconds.json
2026-06-12 23:11:53 [INFO] N_datos = 0
2026-06-12 23:11:53 [INFO] El fichero light-oauth2-data-1722485475.tar esta en el zip
2026-06-12 23:11:53 [INFO] Empezamos a leer light-oauth2-data-1722485475/correct/metrics/metric_go_gc_duration_seconds.json
2026-06-12 23:11:53 [ERROR] ❌ Fallo en [Carga de miembro: light-oauth2-data-1722485475/correct/metrics/metric_go_gc_duration_seconds.json] -> JSONDecodeError (decoder.py | raw_decode() | Línea 363)
2026-06-12 23:11:53 [INFO] ============================================================
2026-06-12 23:11:53 [INFO] 📋 DIAGNÓSTICO DE ERROR - CONTEXTO: CARGA DE MIEMBRO: LIGHT-OAUTH2-DATA-1722485475/CORRECT/METRICS/METRIC_GO_GC_DURATION_SECONDS.JSON
2026-06-12 23:11:53 [INFO] • Tipo de Error: JSONDecodeError
2026-06-12 23:11:53 [INFO] • Mensaje: Expecting value: line 1 column 1 (char 0)
2026-06-12 23:11:53 [INFO] • Archivo: decoder.py
2026-06-12 23:11:53 [INFO] • Función: raw_decode()
2026-06-12 23:11:53 [INFO] • Línea: 363
2026-06-12 23:11:53 [INFO] • Código problemático: raise JSONDecodeError("Expecting value", s, err.value) from None
2026-06-12 23:11:53 [INFO] ============================================================
2026-06-12 23:11:53 [INFO] Fin lectura      light-oauth2-data-1722485475/correct/metrics/metric_go_gc_duration_seconds.json
2026-06-12 23:11:53 [INFO] N_datos = 0
2026-06-12 23:11:54 [INFO] El fichero light-oauth2-data-1722489070.tar esta en el zip
2026-06-12 23:11:54 [INFO] Empezamos a leer light-oauth2-data-1722489070/correct/metrics/metric_go_gc_duration_seconds.json
2026-06-12 23:11:54 [ERROR] ❌ Fallo en [Carga de miembro: light-oauth2-data-1722489070/correct/metrics/metric_go_gc_duration_seconds.json] -> JSONDecodeError (decoder.py | raw_decode() | Línea 363)
2026-06-12 23:11:54 [INFO] ============================================================
2026-06-12 23:11:54 [INFO] 📋 DIAGNÓSTICO DE ERROR - CONTEXTO: CARGA DE MIEMBRO: LIGHT-OAUTH2-DATA-1722489070/CORRECT/METRICS/METRIC_GO_GC_DURATION_SECONDS.JSON
2026-06-12 23:11:54 [INFO] • Tipo de Error: JSONDecodeError
2026-06-12 23:11:54 [INFO] • Mensaje: Expecting value: line 1 column 1 (char 0)
2026-06-12 23:11:54 [INFO] • Archivo: decoder.py
2026-06-12 23:11:54 [INFO] • Función: raw_decode()
2026-06-12 23:11:54 [INFO] • Línea: 363
2026-06-12 23:11:54 [INFO] • Código problemático: raise JSONDecodeError("Expecting value", s, err.value) from None
2026-06-12 23:11:54 [INFO] ============================================================
2026-06-12 23:11:54 [INFO] Fin lectura      light-oauth2-data-1722489070/correct/metrics/metric_go_gc_duration_seconds.json
2026-06-12 23:11:54 [INFO] N_datos = 0
2026-06-12 23:11:54 [INFO] El fichero light-oauth2-data-1722492675.tar esta en el zip
2026-06-12 23:11:54 [INFO] Empezamos a leer light-oauth2-data-1722492675/correct/metrics/metric_go_gc_duration_seconds.json
2026-06-12 23:11:54 [ERROR] ❌ Fallo en [Carga de miembro: light-oauth2-data-1722492675/correct/metrics/metric_go_gc_duration_seconds.json] -> JSONDecodeError (decoder.py | raw_decode() | Línea 363)
2026-06-12 23:11:54 [INFO] ============================================================
2026-06-12 23:11:54 [INFO] 📋 DIAGNÓSTICO DE ERROR - CONTEXTO: CARGA DE MIEMBRO: LIGHT-OAUTH2-DATA-1722492675/CORRECT/METRICS/METRIC_GO_GC_DURATION_SECONDS.JSON
2026-06-12 23:11:54 [INFO] • Tipo de Error: JSONDecodeError
2026-06-12 23:11:54 [INFO] • Mensaje: Expecting value: line 1 column 1 (char 0)
2026-06-12 23:11:54 [INFO] • Archivo: decoder.py
2026-06-12 23:11:54 [INFO] • Función: raw_decode()
2026-06-12 23:11:54 [INFO] • Línea: 363
2026-06-12 23:11:54 [INFO] • Código problemático: raise JSONDecodeError("Expecting value", s, err.value) from None
2026-06-12 23:11:54 [INFO] ============================================================
2026-06-12 23:11:54 [INFO] Fin lectura      light-oauth2-data-1722492675/correct/metrics/metric_go_gc_duration_seconds.json
2026-06-12 23:11:54 [INFO] N_datos = 0
2026-06-12 23:12:57 [INFO] 📝 Sistema de logging doble inicializado (Rotación: 10MB, Máx: 10 archivos).
2026-06-12 23:12:57 [INFO] 📝 Sistema de logging doble inicializado (Rotación: 10MB, Máx: 10 archivos).
2026-06-12 23:12:57 [INFO] Etiquetas autorizadas para cargar: 
2026-06-12 23:12:57 [INFO]    correct
2026-06-12 23:12:57 [INFO]    access_token_auth_header_error_401
2026-06-12 23:12:57 [INFO]    access_token_authorization_form_401
2026-06-12 23:12:57 [INFO]    access_token_client_id_not_found_404
2026-06-12 23:12:57 [INFO]    access_token_client_secret_wrong_401
2026-06-12 23:12:57 [INFO]    access_token_form_urlencoded_400
2026-06-12 23:12:57 [INFO]    access_token_illegal_grant_type_400
2026-06-12 23:12:57 [INFO]    access_token_missing_authorization_header_400
2026-06-12 23:12:57 [INFO]    authorization_code_client_id_missing_400
2026-06-12 23:12:57 [INFO]    authorization_code_invalid_client_id_404
2026-06-12 23:12:57 [INFO]    authorization_code_invalid_password_401
2026-06-12 23:12:57 [INFO]    authorization_code_missing_response_type_400
2026-06-12 23:12:57 [INFO]    authorization_code_response_not_code_400
2026-06-12 23:12:57 [INFO]    code_challenge_invalid_format_pkce_400
2026-06-12 23:12:57 [INFO]    code_challenge_too_long_pkce_400
2026-06-12 23:12:57 [INFO]    code_challenge_too_short_pkce_400
2026-06-12 23:12:57 [INFO]    code_verifier_missing_pkce_400
2026-06-12 23:12:57 [INFO]    code_verifier_too_long_pkce_400
2026-06-12 23:12:57 [INFO]    code_verifier_too_short_pkce_400
2026-06-12 23:12:57 [INFO]    delete_client_404_no_client
2026-06-12 23:12:57 [INFO]    delete_service_404_no_service
2026-06-12 23:12:57 [INFO]    delete_token_404
2026-06-12 23:12:57 [INFO]    delete_user_404_no_user
2026-06-12 23:12:57 [INFO]    get_client_404_no_client
2026-06-12 23:12:57 [INFO]    get_client_page_400_no_page
2026-06-12 23:12:57 [INFO]    get_service_404_no_service
2026-06-12 23:12:57 [INFO]    get_service_page_400_no_page
2026-06-12 23:12:57 [INFO]    get_token_404
2026-06-12 23:12:57 [INFO]    get_token_page_400_no_page
2026-06-12 23:12:57 [INFO]    get_user_404_no_user
2026-06-12 23:12:57 [INFO]    get_user_page_400_no_page
2026-06-12 23:12:57 [INFO]    invalid_code_challenge_method_pkce_400
2026-06-12 23:12:57 [INFO]    invalid_code_verifier_format_PKCE_400
2026-06-12 23:12:57 [INFO]    register_client_400_clientProfile
2026-06-12 23:12:57 [INFO]    register_client_400_clientType
2026-06-12 23:12:57 [INFO]    register_client_404_no_user
2026-06-12 23:12:57 [INFO]    register_service_400_service_id
2026-06-12 23:12:57 [INFO]    register_service_400_service_type
2026-06-12 23:12:57 [INFO]    register_service_404_no_user
2026-06-12 23:12:57 [INFO]    register_user_400_email_exists
2026-06-12 23:12:57 [INFO]    register_user_400_no_password
2026-06-12 23:12:57 [INFO]    register_user_400_password_no_match
2026-06-12 23:12:57 [INFO]    register_user_400_user_exists
2026-06-12 23:12:57 [INFO]    update_client_400_clientProfile
2026-06-12 23:12:57 [INFO]    update_client_400_clientType
2026-06-12 23:12:57 [INFO]    update_client_404_clientId
2026-06-12 23:12:57 [INFO]    update_client_404_ownerId
2026-06-12 23:12:57 [INFO]    update_password_400_not_match
2026-06-12 23:12:57 [INFO]    update_password_401_wrong_password
2026-06-12 23:12:57 [INFO]    update_password_404_user_not_found
2026-06-12 23:12:57 [INFO]    update_service_404_service_id
2026-06-12 23:12:57 [INFO]    update_service_404_user_id
2026-06-12 23:12:57 [INFO]    update_user_404_no_user
2026-06-12 23:12:57 [INFO]    verification_failed_pkce_400
2026-06-12 23:12:57 [INFO] Abierto fichero zip D:\backup onedrive gva\PERSONAL\master_bigdata_VIU\TFM\tfm-microservices-anomaly-detection\server1\data/lo2-data.zip
2026-06-12 23:12:57 [INFO] El fichero light-oauth2-data-1722481872.tar esta en el zip
2026-06-12 23:12:57 [INFO] Empezamos a leer light-oauth2-data-1722481872/correct/metrics/metric_go_gc_duration_seconds.json
2026-06-12 23:12:57 [ERROR] ❌ Fallo en [Carga de miembro: light-oauth2-data-1722481872/correct/metrics/metric_go_gc_duration_seconds.json] -> JSONDecodeError (decoder.py | raw_decode() | Línea 363)
2026-06-12 23:12:57 [INFO] ============================================================
2026-06-12 23:12:57 [INFO] 📋 DIAGNÓSTICO DE ERROR - CONTEXTO: CARGA DE MIEMBRO: LIGHT-OAUTH2-DATA-1722481872/CORRECT/METRICS/METRIC_GO_GC_DURATION_SECONDS.JSON
2026-06-12 23:12:57 [INFO] • Tipo de Error: JSONDecodeError
2026-06-12 23:12:57 [INFO] • Mensaje: Expecting value: line 1 column 1 (char 0)
2026-06-12 23:12:57 [INFO] • Archivo: decoder.py
2026-06-12 23:12:57 [INFO] • Función: raw_decode()
2026-06-12 23:12:57 [INFO] • Línea: 363
2026-06-12 23:12:57 [INFO] • Código problemático: raise JSONDecodeError("Expecting value", s, err.value) from None
2026-06-12 23:12:57 [INFO] ============================================================
2026-06-12 23:12:57 [INFO] Fin lectura      light-oauth2-data-1722481872/correct/metrics/metric_go_gc_duration_seconds.json
2026-06-12 23:12:57 [INFO] N_datos = 0
2026-06-12 23:12:57 [INFO] El fichero light-oauth2-data-1722485475.tar esta en el zip
2026-06-12 23:12:57 [INFO] Empezamos a leer light-oauth2-data-1722485475/correct/metrics/metric_go_gc_duration_seconds.json
2026-06-12 23:12:57 [ERROR] ❌ Fallo en [Carga de miembro: light-oauth2-data-1722485475/correct/metrics/metric_go_gc_duration_seconds.json] -> JSONDecodeError (decoder.py | raw_decode() | Línea 363)
2026-06-12 23:12:57 [INFO] ============================================================
2026-06-12 23:12:57 [INFO] 📋 DIAGNÓSTICO DE ERROR - CONTEXTO: CARGA DE MIEMBRO: LIGHT-OAUTH2-DATA-1722485475/CORRECT/METRICS/METRIC_GO_GC_DURATION_SECONDS.JSON
2026-06-12 23:12:57 [INFO] • Tipo de Error: JSONDecodeError
2026-06-12 23:12:57 [INFO] • Mensaje: Expecting value: line 1 column 1 (char 0)
2026-06-12 23:12:57 [INFO] • Archivo: decoder.py
2026-06-12 23:12:57 [INFO] • Función: raw_decode()
2026-06-12 23:12:57 [INFO] • Línea: 363
2026-06-12 23:12:57 [INFO] • Código problemático: raise JSONDecodeError("Expecting value", s, err.value) from None
2026-06-12 23:12:57 [INFO] ============================================================
2026-06-12 23:12:57 [INFO] Fin lectura      light-oauth2-data-1722485475/correct/metrics/metric_go_gc_duration_seconds.json
2026-06-12 23:12:57 [INFO] N_datos = 0
2026-06-12 23:12:57 [INFO] El fichero light-oauth2-data-1722489070.tar esta en el zip
2026-06-12 23:12:57 [INFO] Empezamos a leer light-oauth2-data-1722489070/correct/metrics/metric_go_gc_duration_seconds.json
2026-06-12 23:12:57 [ERROR] ❌ Fallo en [Carga de miembro: light-oauth2-data-1722489070/correct/metrics/metric_go_gc_duration_seconds.json] -> JSONDecodeError (decoder.py | raw_decode() | Línea 363)
2026-06-12 23:12:57 [INFO] ============================================================
2026-06-12 23:12:57 [INFO] 📋 DIAGNÓSTICO DE ERROR - CONTEXTO: CARGA DE MIEMBRO: LIGHT-OAUTH2-DATA-1722489070/CORRECT/METRICS/METRIC_GO_GC_DURATION_SECONDS.JSON
2026-06-12 23:12:57 [INFO] • Tipo de Error: JSONDecodeError
2026-06-12 23:12:57 [INFO] • Mensaje: Expecting value: line 1 column 1 (char 0)
2026-06-12 23:12:57 [INFO] • Archivo: decoder.py
2026-06-12 23:12:57 [INFO] • Función: raw_decode()
2026-06-12 23:12:57 [INFO] • Línea: 363
2026-06-12 23:12:57 [INFO] • Código problemático: raise JSONDecodeError("Expecting value", s, err.value) from None
2026-06-12 23:12:57 [INFO] ============================================================
2026-06-12 23:12:57 [INFO] Fin lectura      light-oauth2-data-1722489070/correct/metrics/metric_go_gc_duration_seconds.json
2026-06-12 23:12:57 [INFO] N_datos = 0
2026-06-12 23:12:57 [INFO] El fichero light-oauth2-data-1722492675.tar esta en el zip
2026-06-12 23:12:57 [INFO] Empezamos a leer light-oauth2-data-1722492675/correct/metrics/metric_go_gc_duration_seconds.json
2026-06-12 23:12:57 [ERROR] ❌ Fallo en [Carga de miembro: light-oauth2-data-1722492675/correct/metrics/metric_go_gc_duration_seconds.json] -> JSONDecodeError (decoder.py | raw_decode() | Línea 363)
2026-06-12 23:12:57 [INFO] ============================================================
2026-06-12 23:12:57 [INFO] 📋 DIAGNÓSTICO DE ERROR - CONTEXTO: CARGA DE MIEMBRO: LIGHT-OAUTH2-DATA-1722492675/CORRECT/METRICS/METRIC_GO_GC_DURATION_SECONDS.JSON
2026-06-12 23:12:57 [INFO] • Tipo de Error: JSONDecodeError
2026-06-12 23:12:57 [INFO] • Mensaje: Expecting value: line 1 column 1 (char 0)
2026-06-12 23:12:57 [INFO] • Archivo: decoder.py
2026-06-12 23:12:57 [INFO] • Función: raw_decode()
2026-06-12 23:12:57 [INFO] • Línea: 363
2026-06-12 23:12:57 [INFO] • Código problemático: raise JSONDecodeError("Expecting value", s, err.value) from None
2026-06-12 23:12:57 [INFO] ============================================================
2026-06-12 23:12:57 [INFO] Fin lectura      light-oauth2-data-1722492675/correct/metrics/metric_go_gc_duration_seconds.json
2026-06-12 23:12:57 [INFO] N_datos = 0
2026-06-12 23:15:53 [INFO] 📝 Sistema de logging doble inicializado (Rotación: 10MB, Máx: 10 archivos).
2026-06-12 23:15:53 [INFO] 📝 Sistema de logging doble inicializado (Rotación: 10MB, Máx: 10 archivos).
2026-06-12 23:15:53 [INFO] Etiquetas autorizadas para cargar: 
2026-06-12 23:15:53 [INFO]    correct
2026-06-12 23:15:53 [INFO]    access_token_auth_header_error_401
2026-06-12 23:15:53 [INFO]    access_token_authorization_form_401
2026-06-12 23:15:53 [INFO]    access_token_client_id_not_found_404
2026-06-12 23:15:53 [INFO]    access_token_client_secret_wrong_401
2026-06-12 23:15:53 [INFO]    access_token_form_urlencoded_400
2026-06-12 23:15:53 [INFO]    access_token_illegal_grant_type_400
2026-06-12 23:15:53 [INFO]    access_token_missing_authorization_header_400
2026-06-12 23:15:53 [INFO]    authorization_code_client_id_missing_400
2026-06-12 23:15:53 [INFO]    authorization_code_invalid_client_id_404
2026-06-12 23:15:53 [INFO]    authorization_code_invalid_password_401
2026-06-12 23:15:53 [INFO]    authorization_code_missing_response_type_400
2026-06-12 23:15:53 [INFO]    authorization_code_response_not_code_400
2026-06-12 23:15:53 [INFO]    code_challenge_invalid_format_pkce_400
2026-06-12 23:15:53 [INFO]    code_challenge_too_long_pkce_400
2026-06-12 23:15:53 [INFO]    code_challenge_too_short_pkce_400
2026-06-12 23:15:53 [INFO]    code_verifier_missing_pkce_400
2026-06-12 23:15:53 [INFO]    code_verifier_too_long_pkce_400
2026-06-12 23:15:53 [INFO]    code_verifier_too_short_pkce_400
2026-06-12 23:15:53 [INFO]    delete_client_404_no_client
2026-06-12 23:15:53 [INFO]    delete_service_404_no_service
2026-06-12 23:15:53 [INFO]    delete_token_404
2026-06-12 23:15:53 [INFO]    delete_user_404_no_user
2026-06-12 23:15:53 [INFO]    get_client_404_no_client
2026-06-12 23:15:53 [INFO]    get_client_page_400_no_page
2026-06-12 23:15:53 [INFO]    get_service_404_no_service
2026-06-12 23:15:53 [INFO]    get_service_page_400_no_page
2026-06-12 23:15:53 [INFO]    get_token_404
2026-06-12 23:15:53 [INFO]    get_token_page_400_no_page
2026-06-12 23:15:53 [INFO]    get_user_404_no_user
2026-06-12 23:15:53 [INFO]    get_user_page_400_no_page
2026-06-12 23:15:53 [INFO]    invalid_code_challenge_method_pkce_400
2026-06-12 23:15:53 [INFO]    invalid_code_verifier_format_PKCE_400
2026-06-12 23:15:53 [INFO]    register_client_400_clientProfile
2026-06-12 23:15:53 [INFO]    register_client_400_clientType
2026-06-12 23:15:53 [INFO]    register_client_404_no_user
2026-06-12 23:15:53 [INFO]    register_service_400_service_id
2026-06-12 23:15:53 [INFO]    register_service_400_service_type
2026-06-12 23:15:53 [INFO]    register_service_404_no_user
2026-06-12 23:15:53 [INFO]    register_user_400_email_exists
2026-06-12 23:15:53 [INFO]    register_user_400_no_password
2026-06-12 23:15:53 [INFO]    register_user_400_password_no_match
2026-06-12 23:15:53 [INFO]    register_user_400_user_exists
2026-06-12 23:15:53 [INFO]    update_client_400_clientProfile
2026-06-12 23:15:53 [INFO]    update_client_400_clientType
2026-06-12 23:15:53 [INFO]    update_client_404_clientId
2026-06-12 23:15:53 [INFO]    update_client_404_ownerId
2026-06-12 23:15:53 [INFO]    update_password_400_not_match
2026-06-12 23:15:53 [INFO]    update_password_401_wrong_password
2026-06-12 23:15:53 [INFO]    update_password_404_user_not_found
2026-06-12 23:15:53 [INFO]    update_service_404_service_id
2026-06-12 23:15:53 [INFO]    update_service_404_user_id
2026-06-12 23:15:53 [INFO]    update_user_404_no_user
2026-06-12 23:15:53 [INFO]    verification_failed_pkce_400
2026-06-12 23:15:53 [INFO] Abierto fichero zip D:\backup onedrive gva\PERSONAL\master_bigdata_VIU\TFM\tfm-microservices-anomaly-detection\server1\data/lo2-data.zip
2026-06-12 23:15:53 [INFO] El fichero light-oauth2-data-1722481872.tar esta en el zip
2026-06-12 23:15:53 [INFO] Empezamos a leer light-oauth2-data-1722481872/correct/metrics/metric_go_gc_duration_seconds.json
2026-06-12 23:16:17 [INFO] 📝 Sistema de logging doble inicializado (Rotación: 10MB, Máx: 10 archivos).
2026-06-12 23:16:17 [INFO] 📝 Sistema de logging doble inicializado (Rotación: 10MB, Máx: 10 archivos).
2026-06-12 23:16:17 [INFO] Etiquetas autorizadas para cargar: 
2026-06-12 23:16:17 [INFO]    correct
2026-06-12 23:16:17 [INFO]    access_token_auth_header_error_401
2026-06-12 23:16:17 [INFO]    access_token_authorization_form_401
2026-06-12 23:16:17 [INFO]    access_token_client_id_not_found_404
2026-06-12 23:16:17 [INFO]    access_token_client_secret_wrong_401
2026-06-12 23:16:17 [INFO]    access_token_form_urlencoded_400
2026-06-12 23:16:17 [INFO]    access_token_illegal_grant_type_400
2026-06-12 23:16:17 [INFO]    access_token_missing_authorization_header_400
2026-06-12 23:16:17 [INFO]    authorization_code_client_id_missing_400
2026-06-12 23:16:17 [INFO]    authorization_code_invalid_client_id_404
2026-06-12 23:16:17 [INFO]    authorization_code_invalid_password_401
2026-06-12 23:16:17 [INFO]    authorization_code_missing_response_type_400
2026-06-12 23:16:17 [INFO]    authorization_code_response_not_code_400
2026-06-12 23:16:17 [INFO]    code_challenge_invalid_format_pkce_400
2026-06-12 23:16:17 [INFO]    code_challenge_too_long_pkce_400
2026-06-12 23:16:17 [INFO]    code_challenge_too_short_pkce_400
2026-06-12 23:16:17 [INFO]    code_verifier_missing_pkce_400
2026-06-12 23:16:17 [INFO]    code_verifier_too_long_pkce_400
2026-06-12 23:16:17 [INFO]    code_verifier_too_short_pkce_400
2026-06-12 23:16:17 [INFO]    delete_client_404_no_client
2026-06-12 23:16:17 [INFO]    delete_service_404_no_service
2026-06-12 23:16:17 [INFO]    delete_token_404
2026-06-12 23:16:17 [INFO]    delete_user_404_no_user
2026-06-12 23:16:17 [INFO]    get_client_404_no_client
2026-06-12 23:16:17 [INFO]    get_client_page_400_no_page
2026-06-12 23:16:17 [INFO]    get_service_404_no_service
2026-06-12 23:16:17 [INFO]    get_service_page_400_no_page
2026-06-12 23:16:17 [INFO]    get_token_404
2026-06-12 23:16:17 [INFO]    get_token_page_400_no_page
2026-06-12 23:16:17 [INFO]    get_user_404_no_user
2026-06-12 23:16:17 [INFO]    get_user_page_400_no_page
2026-06-12 23:16:17 [INFO]    invalid_code_challenge_method_pkce_400
2026-06-12 23:16:17 [INFO]    invalid_code_verifier_format_PKCE_400
2026-06-12 23:16:17 [INFO]    register_client_400_clientProfile
2026-06-12 23:16:17 [INFO]    register_client_400_clientType
2026-06-12 23:16:17 [INFO]    register_client_404_no_user
2026-06-12 23:16:17 [INFO]    register_service_400_service_id
2026-06-12 23:16:17 [INFO]    register_service_400_service_type
2026-06-12 23:16:17 [INFO]    register_service_404_no_user
2026-06-12 23:16:17 [INFO]    register_user_400_email_exists
2026-06-12 23:16:17 [INFO]    register_user_400_no_password
2026-06-12 23:16:17 [INFO]    register_user_400_password_no_match
2026-06-12 23:16:17 [INFO]    register_user_400_user_exists
2026-06-12 23:16:17 [INFO]    update_client_400_clientProfile
2026-06-12 23:16:17 [INFO]    update_client_400_clientType
2026-06-12 23:16:17 [INFO]    update_client_404_clientId
2026-06-12 23:16:17 [INFO]    update_client_404_ownerId
2026-06-12 23:16:17 [INFO]    update_password_400_not_match
2026-06-12 23:16:17 [INFO]    update_password_401_wrong_password
2026-06-12 23:16:17 [INFO]    update_password_404_user_not_found
2026-06-12 23:16:17 [INFO]    update_service_404_service_id
2026-06-12 23:16:17 [INFO]    update_service_404_user_id
2026-06-12 23:16:17 [INFO]    update_user_404_no_user
2026-06-12 23:16:17 [INFO]    verification_failed_pkce_400
2026-06-12 23:16:17 [INFO] Abierto fichero zip D:\backup onedrive gva\PERSONAL\master_bigdata_VIU\TFM\tfm-microservices-anomaly-detection\server1\data/lo2-data.zip
2026-06-12 23:16:17 [INFO] El fichero light-oauth2-data-1722481872.tar esta en el zip
2026-06-12 23:16:17 [INFO] Empezamos a leer light-oauth2-data-1722481872/correct/metrics/metric_go_gc_duration_seconds.json
2026-06-12 23:18:15 [INFO] 📝 Sistema de logging doble inicializado (Rotación: 10MB, Máx: 10 archivos).
2026-06-12 23:18:15 [INFO] 📝 Sistema de logging doble inicializado (Rotación: 10MB, Máx: 10 archivos).
2026-06-12 23:18:15 [INFO] Etiquetas autorizadas para cargar: 
2026-06-12 23:18:15 [INFO]    correct
2026-06-12 23:18:15 [INFO]    access_token_auth_header_error_401
2026-06-12 23:18:15 [INFO]    access_token_authorization_form_401
2026-06-12 23:18:15 [INFO]    access_token_client_id_not_found_404
2026-06-12 23:18:15 [INFO]    access_token_client_secret_wrong_401
2026-06-12 23:18:15 [INFO]    access_token_form_urlencoded_400
2026-06-12 23:18:15 [INFO]    access_token_illegal_grant_type_400
2026-06-12 23:18:15 [INFO]    access_token_missing_authorization_header_400
2026-06-12 23:18:15 [INFO]    authorization_code_client_id_missing_400
2026-06-12 23:18:15 [INFO]    authorization_code_invalid_client_id_404
2026-06-12 23:18:15 [INFO]    authorization_code_invalid_password_401
2026-06-12 23:18:15 [INFO]    authorization_code_missing_response_type_400
2026-06-12 23:18:15 [INFO]    authorization_code_response_not_code_400
2026-06-12 23:18:15 [INFO]    code_challenge_invalid_format_pkce_400
2026-06-12 23:18:15 [INFO]    code_challenge_too_long_pkce_400
2026-06-12 23:18:15 [INFO]    code_challenge_too_short_pkce_400
2026-06-12 23:18:15 [INFO]    code_verifier_missing_pkce_400
2026-06-12 23:18:15 [INFO]    code_verifier_too_long_pkce_400
2026-06-12 23:18:15 [INFO]    code_verifier_too_short_pkce_400
2026-06-12 23:18:15 [INFO]    delete_client_404_no_client
2026-06-12 23:18:15 [INFO]    delete_service_404_no_service
2026-06-12 23:18:15 [INFO]    delete_token_404
2026-06-12 23:18:15 [INFO]    delete_user_404_no_user
2026-06-12 23:18:15 [INFO]    get_client_404_no_client
2026-06-12 23:18:15 [INFO]    get_client_page_400_no_page
2026-06-12 23:18:15 [INFO]    get_service_404_no_service
2026-06-12 23:18:15 [INFO]    get_service_page_400_no_page
2026-06-12 23:18:15 [INFO]    get_token_404
2026-06-12 23:18:15 [INFO]    get_token_page_400_no_page
2026-06-12 23:18:15 [INFO]    get_user_404_no_user
2026-06-12 23:18:15 [INFO]    get_user_page_400_no_page
2026-06-12 23:18:15 [INFO]    invalid_code_challenge_method_pkce_400
2026-06-12 23:18:15 [INFO]    invalid_code_verifier_format_PKCE_400
2026-06-12 23:18:15 [INFO]    register_client_400_clientProfile
2026-06-12 23:18:15 [INFO]    register_client_400_clientType
2026-06-12 23:18:15 [INFO]    register_client_404_no_user
2026-06-12 23:18:15 [INFO]    register_service_400_service_id
2026-06-12 23:18:15 [INFO]    register_service_400_service_type
2026-06-12 23:18:15 [INFO]    register_service_404_no_user
2026-06-12 23:18:15 [INFO]    register_user_400_email_exists
2026-06-12 23:18:15 [INFO]    register_user_400_no_password
2026-06-12 23:18:15 [INFO]    register_user_400_password_no_match
2026-06-12 23:18:15 [INFO]    register_user_400_user_exists
2026-06-12 23:18:15 [INFO]    update_client_400_clientProfile
2026-06-12 23:18:15 [INFO]    update_client_400_clientType
2026-06-12 23:18:15 [INFO]    update_client_404_clientId
2026-06-12 23:18:15 [INFO]    update_client_404_ownerId
2026-06-12 23:18:15 [INFO]    update_password_400_not_match
2026-06-12 23:18:15 [INFO]    update_password_401_wrong_password
2026-06-12 23:18:15 [INFO]    update_password_404_user_not_found
2026-06-12 23:18:15 [INFO]    update_service_404_service_id
2026-06-12 23:18:15 [INFO]    update_service_404_user_id
2026-06-12 23:18:15 [INFO]    update_user_404_no_user
2026-06-12 23:18:15 [INFO]    verification_failed_pkce_400
2026-06-12 23:18:15 [INFO] Abierto fichero zip D:\backup onedrive gva\PERSONAL\master_bigdata_VIU\TFM\tfm-microservices-anomaly-detection\server1\data/lo2-data.zip
2026-06-12 23:18:15 [INFO] El fichero light-oauth2-data-1722481872.tar esta en el zip
2026-06-12 23:18:15 [INFO] Empezamos a leer light-oauth2-data-1722481872/correct/metrics/metric_go_gc_duration_seconds.json
2026-06-12 23:18:15 [INFO] Error al decodificar fichero (<TarInfo 'light-oauth2-data-1722481872/correct/metrics/metric_go_gc_duration_seconds.json' at 0x1f7d86d7880>)
2026-06-12 23:18:15 [ERROR] ❌ Fallo en [Carga de miembro: light-oauth2-data-1722481872/correct/metrics/metric_go_gc_duration_seconds.json] -> JSONDecodeError (decoder.py | raw_decode() | Línea 363)
2026-06-12 23:18:15 [INFO] ============================================================
2026-06-12 23:18:15 [INFO] 📋 DIAGNÓSTICO DE ERROR - CONTEXTO: CARGA DE MIEMBRO: LIGHT-OAUTH2-DATA-1722481872/CORRECT/METRICS/METRIC_GO_GC_DURATION_SECONDS.JSON
2026-06-12 23:18:15 [INFO] • Tipo de Error: JSONDecodeError
2026-06-12 23:18:15 [INFO] • Mensaje: Expecting value: line 1 column 1 (char 0)
2026-06-12 23:18:15 [INFO] • Archivo: decoder.py
2026-06-12 23:18:15 [INFO] • Función: raw_decode()
2026-06-12 23:18:15 [INFO] • Línea: 363
2026-06-12 23:18:15 [INFO] • Código problemático: raise JSONDecodeError("Expecting value", s, err.value) from None
2026-06-12 23:18:15 [INFO] ============================================================
2026-06-12 23:18:15 [INFO] Fin lectura      light-oauth2-data-1722481872/correct/metrics/metric_go_gc_duration_seconds.json
2026-06-12 23:18:15 [INFO] N_datos = 0
2026-06-12 23:18:15 [INFO] El fichero light-oauth2-data-1722485475.tar esta en el zip
2026-06-12 23:18:15 [INFO] Empezamos a leer light-oauth2-data-1722485475/correct/metrics/metric_go_gc_duration_seconds.json
2026-06-12 23:18:15 [INFO] Error al decodificar fichero (<TarInfo 'light-oauth2-data-1722485475/correct/metrics/metric_go_gc_duration_seconds.json' at 0x1f7d86d7880>)
2026-06-12 23:18:15 [ERROR] ❌ Fallo en [Carga de miembro: light-oauth2-data-1722485475/correct/metrics/metric_go_gc_duration_seconds.json] -> JSONDecodeError (decoder.py | raw_decode() | Línea 363)
2026-06-12 23:18:15 [INFO] ============================================================
2026-06-12 23:18:15 [INFO] 📋 DIAGNÓSTICO DE ERROR - CONTEXTO: CARGA DE MIEMBRO: LIGHT-OAUTH2-DATA-1722485475/CORRECT/METRICS/METRIC_GO_GC_DURATION_SECONDS.JSON
2026-06-12 23:18:15 [INFO] • Tipo de Error: JSONDecodeError
2026-06-12 23:18:15 [INFO] • Mensaje: Expecting value: line 1 column 1 (char 0)
2026-06-12 23:18:15 [INFO] • Archivo: decoder.py
2026-06-12 23:18:15 [INFO] • Función: raw_decode()
2026-06-12 23:18:15 [INFO] • Línea: 363
2026-06-12 23:18:15 [INFO] • Código problemático: raise JSONDecodeError("Expecting value", s, err.value) from None
2026-06-12 23:18:15 [INFO] ============================================================
2026-06-12 23:18:15 [INFO] Fin lectura      light-oauth2-data-1722485475/correct/metrics/metric_go_gc_duration_seconds.json
2026-06-12 23:18:15 [INFO] N_datos = 0
2026-06-12 23:18:15 [INFO] El fichero light-oauth2-data-1722489070.tar esta en el zip
2026-06-12 23:18:15 [INFO] Empezamos a leer light-oauth2-data-1722489070/correct/metrics/metric_go_gc_duration_seconds.json
2026-06-12 23:18:15 [INFO] Error al decodificar fichero (<TarInfo 'light-oauth2-data-1722489070/correct/metrics/metric_go_gc_duration_seconds.json' at 0x1f7d86d7940>)
2026-06-12 23:18:15 [ERROR] ❌ Fallo en [Carga de miembro: light-oauth2-data-1722489070/correct/metrics/metric_go_gc_duration_seconds.json] -> JSONDecodeError (decoder.py | raw_decode() | Línea 363)
2026-06-12 23:18:15 [INFO] ============================================================
2026-06-12 23:18:15 [INFO] 📋 DIAGNÓSTICO DE ERROR - CONTEXTO: CARGA DE MIEMBRO: LIGHT-OAUTH2-DATA-1722489070/CORRECT/METRICS/METRIC_GO_GC_DURATION_SECONDS.JSON
2026-06-12 23:18:15 [INFO] • Tipo de Error: JSONDecodeError
2026-06-12 23:18:15 [INFO] • Mensaje: Expecting value: line 1 column 1 (char 0)
2026-06-12 23:18:15 [INFO] • Archivo: decoder.py
2026-06-12 23:18:15 [INFO] • Función: raw_decode()
2026-06-12 23:18:15 [INFO] • Línea: 363
2026-06-12 23:18:15 [INFO] • Código problemático: raise JSONDecodeError("Expecting value", s, err.value) from None
2026-06-12 23:18:15 [INFO] ============================================================
2026-06-12 23:18:15 [INFO] Fin lectura      light-oauth2-data-1722489070/correct/metrics/metric_go_gc_duration_seconds.json
2026-06-12 23:18:15 [INFO] N_datos = 0
2026-06-12 23:18:15 [INFO] El fichero light-oauth2-data-1722492675.tar esta en el zip
2026-06-12 23:18:16 [INFO] Empezamos a leer light-oauth2-data-1722492675/correct/metrics/metric_go_gc_duration_seconds.json
2026-06-12 23:18:16 [INFO] Error al decodificar fichero (<TarInfo 'light-oauth2-data-1722492675/correct/metrics/metric_go_gc_duration_seconds.json' at 0x1f7d86d7a00>)
2026-06-12 23:18:16 [ERROR] ❌ Fallo en [Carga de miembro: light-oauth2-data-1722492675/correct/metrics/metric_go_gc_duration_seconds.json] -> JSONDecodeError (decoder.py | raw_decode() | Línea 363)
2026-06-12 23:18:16 [INFO] ============================================================
2026-06-12 23:18:16 [INFO] 📋 DIAGNÓSTICO DE ERROR - CONTEXTO: CARGA DE MIEMBRO: LIGHT-OAUTH2-DATA-1722492675/CORRECT/METRICS/METRIC_GO_GC_DURATION_SECONDS.JSON
2026-06-12 23:18:16 [INFO] • Tipo de Error: JSONDecodeError
2026-06-12 23:18:16 [INFO] • Mensaje: Expecting value: line 1 column 1 (char 0)
2026-06-12 23:18:16 [INFO] • Archivo: decoder.py
2026-06-12 23:18:16 [INFO] • Función: raw_decode()
2026-06-12 23:18:16 [INFO] • Línea: 363
2026-06-12 23:18:16 [INFO] • Código problemático: raise JSONDecodeError("Expecting value", s, err.value) from None
2026-06-12 23:18:16 [INFO] ============================================================
2026-06-12 23:18:16 [INFO] Fin lectura      light-oauth2-data-1722492675/correct/metrics/metric_go_gc_duration_seconds.json
2026-06-12 23:18:16 [INFO] N_datos = 0
2026-06-12 23:19:12 [INFO] 📝 Sistema de logging doble inicializado (Rotación: 10MB, Máx: 10 archivos).
2026-06-12 23:19:12 [INFO] 📝 Sistema de logging doble inicializado (Rotación: 10MB, Máx: 10 archivos).
2026-06-12 23:19:12 [INFO] Etiquetas autorizadas para cargar: 
2026-06-12 23:19:12 [INFO]    correct
2026-06-12 23:19:12 [INFO]    access_token_auth_header_error_401
2026-06-12 23:19:12 [INFO]    access_token_authorization_form_401
2026-06-12 23:19:12 [INFO]    access_token_client_id_not_found_404
2026-06-12 23:19:12 [INFO]    access_token_client_secret_wrong_401
2026-06-12 23:19:12 [INFO]    access_token_form_urlencoded_400
2026-06-12 23:19:12 [INFO]    access_token_illegal_grant_type_400
2026-06-12 23:19:12 [INFO]    access_token_missing_authorization_header_400
2026-06-12 23:19:12 [INFO]    authorization_code_client_id_missing_400
2026-06-12 23:19:12 [INFO]    authorization_code_invalid_client_id_404
2026-06-12 23:19:12 [INFO]    authorization_code_invalid_password_401
2026-06-12 23:19:12 [INFO]    authorization_code_missing_response_type_400
2026-06-12 23:19:12 [INFO]    authorization_code_response_not_code_400
2026-06-12 23:19:12 [INFO]    code_challenge_invalid_format_pkce_400
2026-06-12 23:19:12 [INFO]    code_challenge_too_long_pkce_400
2026-06-12 23:19:12 [INFO]    code_challenge_too_short_pkce_400
2026-06-12 23:19:12 [INFO]    code_verifier_missing_pkce_400
2026-06-12 23:19:12 [INFO]    code_verifier_too_long_pkce_400
2026-06-12 23:19:12 [INFO]    code_verifier_too_short_pkce_400
2026-06-12 23:19:12 [INFO]    delete_client_404_no_client
2026-06-12 23:19:12 [INFO]    delete_service_404_no_service
2026-06-12 23:19:12 [INFO]    delete_token_404
2026-06-12 23:19:12 [INFO]    delete_user_404_no_user
2026-06-12 23:19:12 [INFO]    get_client_404_no_client
2026-06-12 23:19:12 [INFO]    get_client_page_400_no_page
2026-06-12 23:19:12 [INFO]    get_service_404_no_service
2026-06-12 23:19:12 [INFO]    get_service_page_400_no_page
2026-06-12 23:19:12 [INFO]    get_token_404
2026-06-12 23:19:12 [INFO]    get_token_page_400_no_page
2026-06-12 23:19:12 [INFO]    get_user_404_no_user
2026-06-12 23:19:12 [INFO]    get_user_page_400_no_page
2026-06-12 23:19:12 [INFO]    invalid_code_challenge_method_pkce_400
2026-06-12 23:19:12 [INFO]    invalid_code_verifier_format_PKCE_400
2026-06-12 23:19:12 [INFO]    register_client_400_clientProfile
2026-06-12 23:19:12 [INFO]    register_client_400_clientType
2026-06-12 23:19:12 [INFO]    register_client_404_no_user
2026-06-12 23:19:12 [INFO]    register_service_400_service_id
2026-06-12 23:19:12 [INFO]    register_service_400_service_type
2026-06-12 23:19:12 [INFO]    register_service_404_no_user
2026-06-12 23:19:12 [INFO]    register_user_400_email_exists
2026-06-12 23:19:12 [INFO]    register_user_400_no_password
2026-06-12 23:19:12 [INFO]    register_user_400_password_no_match
2026-06-12 23:19:12 [INFO]    register_user_400_user_exists
2026-06-12 23:19:12 [INFO]    update_client_400_clientProfile
2026-06-12 23:19:12 [INFO]    update_client_400_clientType
2026-06-12 23:19:12 [INFO]    update_client_404_clientId
2026-06-12 23:19:12 [INFO]    update_client_404_ownerId
2026-06-12 23:19:12 [INFO]    update_password_400_not_match
2026-06-12 23:19:12 [INFO]    update_password_401_wrong_password
2026-06-12 23:19:12 [INFO]    update_password_404_user_not_found
2026-06-12 23:19:12 [INFO]    update_service_404_service_id
2026-06-12 23:19:12 [INFO]    update_service_404_user_id
2026-06-12 23:19:12 [INFO]    update_user_404_no_user
2026-06-12 23:19:12 [INFO]    verification_failed_pkce_400
2026-06-12 23:19:12 [INFO] Abierto fichero zip D:\backup onedrive gva\PERSONAL\master_bigdata_VIU\TFM\tfm-microservices-anomaly-detection\server1\data/lo2-data.zip
2026-06-12 23:19:12 [INFO] El fichero light-oauth2-data-1722481872.tar esta en el zip
2026-06-12 23:19:12 [INFO] Empezamos a leer light-oauth2-data-1722481872/correct/metrics/metric_go_gc_duration_seconds.json
2026-06-12 23:19:12 [INFO] Error al decodificar fichero (<TarInfo 'light-oauth2-data-1722481872/correct/metrics/metric_go_gc_duration_seconds.json' at 0x1fb4ce07880>)
2026-06-12 23:19:12 [ERROR] ❌ Fallo en [Carga de miembro: light-oauth2-data-1722481872/correct/metrics/metric_go_gc_duration_seconds.json] -> JSONDecodeError (decoder.py | raw_decode() | Línea 363)
2026-06-12 23:19:12 [INFO] ============================================================
2026-06-12 23:19:12 [INFO] 📋 DIAGNÓSTICO DE ERROR - CONTEXTO: CARGA DE MIEMBRO: LIGHT-OAUTH2-DATA-1722481872/CORRECT/METRICS/METRIC_GO_GC_DURATION_SECONDS.JSON
2026-06-12 23:19:12 [INFO] • Tipo de Error: JSONDecodeError
2026-06-12 23:19:12 [INFO] • Mensaje: Expecting value: line 1 column 1 (char 0)
2026-06-12 23:19:12 [INFO] • Archivo: decoder.py
2026-06-12 23:19:12 [INFO] • Función: raw_decode()
2026-06-12 23:19:12 [INFO] • Línea: 363
2026-06-12 23:19:12 [INFO] • Código problemático: raise JSONDecodeError("Expecting value", s, err.value) from None
2026-06-12 23:19:12 [INFO] ============================================================
2026-06-12 23:19:12 [INFO] Fin lectura      light-oauth2-data-1722481872/correct/metrics/metric_go_gc_duration_seconds.json
2026-06-12 23:19:12 [INFO] N_datos = 0
2026-06-12 23:19:12 [INFO] El fichero light-oauth2-data-1722485475.tar esta en el zip
2026-06-12 23:19:12 [INFO] Empezamos a leer light-oauth2-data-1722485475/correct/metrics/metric_go_gc_duration_seconds.json
2026-06-12 23:19:12 [INFO] Error al decodificar fichero (<TarInfo 'light-oauth2-data-1722485475/correct/metrics/metric_go_gc_duration_seconds.json' at 0x1fb4ce07880>)
2026-06-12 23:19:12 [ERROR] ❌ Fallo en [Carga de miembro: light-oauth2-data-1722485475/correct/metrics/metric_go_gc_duration_seconds.json] -> JSONDecodeError (decoder.py | raw_decode() | Línea 363)
2026-06-12 23:19:12 [INFO] ============================================================
2026-06-12 23:19:12 [INFO] 📋 DIAGNÓSTICO DE ERROR - CONTEXTO: CARGA DE MIEMBRO: LIGHT-OAUTH2-DATA-1722485475/CORRECT/METRICS/METRIC_GO_GC_DURATION_SECONDS.JSON
2026-06-12 23:19:12 [INFO] • Tipo de Error: JSONDecodeError
2026-06-12 23:19:12 [INFO] • Mensaje: Expecting value: line 1 column 1 (char 0)
2026-06-12 23:19:12 [INFO] • Archivo: decoder.py
2026-06-12 23:19:12 [INFO] • Función: raw_decode()
2026-06-12 23:19:12 [INFO] • Línea: 363
2026-06-12 23:19:12 [INFO] • Código problemático: raise JSONDecodeError("Expecting value", s, err.value) from None
2026-06-12 23:19:12 [INFO] ============================================================
2026-06-12 23:19:12 [INFO] Fin lectura      light-oauth2-data-1722485475/correct/metrics/metric_go_gc_duration_seconds.json
2026-06-12 23:19:12 [INFO] N_datos = 0
2026-06-12 23:19:12 [INFO] El fichero light-oauth2-data-1722489070.tar esta en el zip
2026-06-12 23:19:12 [INFO] Empezamos a leer light-oauth2-data-1722489070/correct/metrics/metric_go_gc_duration_seconds.json
2026-06-12 23:19:12 [INFO] Error al decodificar fichero (<TarInfo 'light-oauth2-data-1722489070/correct/metrics/metric_go_gc_duration_seconds.json' at 0x1fb4ce07940>)
2026-06-12 23:19:12 [ERROR] ❌ Fallo en [Carga de miembro: light-oauth2-data-1722489070/correct/metrics/metric_go_gc_duration_seconds.json] -> JSONDecodeError (decoder.py | raw_decode() | Línea 363)
2026-06-12 23:19:12 [INFO] ============================================================
2026-06-12 23:19:12 [INFO] 📋 DIAGNÓSTICO DE ERROR - CONTEXTO: CARGA DE MIEMBRO: LIGHT-OAUTH2-DATA-1722489070/CORRECT/METRICS/METRIC_GO_GC_DURATION_SECONDS.JSON
2026-06-12 23:19:12 [INFO] • Tipo de Error: JSONDecodeError
2026-06-12 23:19:12 [INFO] • Mensaje: Expecting value: line 1 column 1 (char 0)
2026-06-12 23:19:12 [INFO] • Archivo: decoder.py
2026-06-12 23:19:13 [INFO] • Función: raw_decode()
2026-06-12 23:19:13 [INFO] • Línea: 363
2026-06-12 23:19:13 [INFO] • Código problemático: raise JSONDecodeError("Expecting value", s, err.value) from None
2026-06-12 23:19:13 [INFO] ============================================================
2026-06-12 23:19:13 [INFO] Fin lectura      light-oauth2-data-1722489070/correct/metrics/metric_go_gc_duration_seconds.json
2026-06-12 23:19:13 [INFO] N_datos = 0
2026-06-12 23:19:13 [INFO] El fichero light-oauth2-data-1722492675.tar esta en el zip
2026-06-12 23:19:13 [INFO] Empezamos a leer light-oauth2-data-1722492675/correct/metrics/metric_go_gc_duration_seconds.json
2026-06-12 23:19:13 [INFO] Error al decodificar fichero (<TarInfo 'light-oauth2-data-1722492675/correct/metrics/metric_go_gc_duration_seconds.json' at 0x1fb4ce07a00>)
2026-06-12 23:19:13 [ERROR] ❌ Fallo en [Carga de miembro: light-oauth2-data-1722492675/correct/metrics/metric_go_gc_duration_seconds.json] -> JSONDecodeError (decoder.py | raw_decode() | Línea 363)
2026-06-12 23:19:13 [INFO] ============================================================
2026-06-12 23:19:13 [INFO] 📋 DIAGNÓSTICO DE ERROR - CONTEXTO: CARGA DE MIEMBRO: LIGHT-OAUTH2-DATA-1722492675/CORRECT/METRICS/METRIC_GO_GC_DURATION_SECONDS.JSON
2026-06-12 23:19:13 [INFO] • Tipo de Error: JSONDecodeError
2026-06-12 23:19:13 [INFO] • Mensaje: Expecting value: line 1 column 1 (char 0)
2026-06-12 23:19:13 [INFO] • Archivo: decoder.py
2026-06-12 23:19:13 [INFO] • Función: raw_decode()
2026-06-12 23:19:13 [INFO] • Línea: 363
2026-06-12 23:19:13 [INFO] • Código problemático: raise JSONDecodeError("Expecting value", s, err.value) from None
2026-06-12 23:19:13 [INFO] ============================================================
2026-06-12 23:19:13 [INFO] Fin lectura      light-oauth2-data-1722492675/correct/metrics/metric_go_gc_duration_seconds.json
2026-06-12 23:19:13 [INFO] N_datos = 0
2026-06-12 23:19:57 [INFO] 📝 Sistema de logging doble inicializado (Rotación: 10MB, Máx: 10 archivos).
2026-06-12 23:19:57 [INFO] 📝 Sistema de logging doble inicializado (Rotación: 10MB, Máx: 10 archivos).
2026-06-12 23:19:57 [INFO] Etiquetas autorizadas para cargar: 
2026-06-12 23:19:57 [INFO]    correct
2026-06-12 23:19:57 [INFO]    access_token_auth_header_error_401
2026-06-12 23:19:57 [INFO]    access_token_authorization_form_401
2026-06-12 23:19:57 [INFO]    access_token_client_id_not_found_404
2026-06-12 23:19:57 [INFO]    access_token_client_secret_wrong_401
2026-06-12 23:19:57 [INFO]    access_token_form_urlencoded_400
2026-06-12 23:19:57 [INFO]    access_token_illegal_grant_type_400
2026-06-12 23:19:57 [INFO]    access_token_missing_authorization_header_400
2026-06-12 23:19:57 [INFO]    authorization_code_client_id_missing_400
2026-06-12 23:19:57 [INFO]    authorization_code_invalid_client_id_404
2026-06-12 23:19:57 [INFO]    authorization_code_invalid_password_401
2026-06-12 23:19:57 [INFO]    authorization_code_missing_response_type_400
2026-06-12 23:19:57 [INFO]    authorization_code_response_not_code_400
2026-06-12 23:19:57 [INFO]    code_challenge_invalid_format_pkce_400
2026-06-12 23:19:57 [INFO]    code_challenge_too_long_pkce_400
2026-06-12 23:19:57 [INFO]    code_challenge_too_short_pkce_400
2026-06-12 23:19:57 [INFO]    code_verifier_missing_pkce_400
2026-06-12 23:19:57 [INFO]    code_verifier_too_long_pkce_400
2026-06-12 23:19:57 [INFO]    code_verifier_too_short_pkce_400
2026-06-12 23:19:57 [INFO]    delete_client_404_no_client
2026-06-12 23:19:57 [INFO]    delete_service_404_no_service
2026-06-12 23:19:57 [INFO]    delete_token_404
2026-06-12 23:19:57 [INFO]    delete_user_404_no_user
2026-06-12 23:19:57 [INFO]    get_client_404_no_client
2026-06-12 23:19:57 [INFO]    get_client_page_400_no_page
2026-06-12 23:19:57 [INFO]    get_service_404_no_service
2026-06-12 23:19:57 [INFO]    get_service_page_400_no_page
2026-06-12 23:19:57 [INFO]    get_token_404
2026-06-12 23:19:57 [INFO]    get_token_page_400_no_page
2026-06-12 23:19:57 [INFO]    get_user_404_no_user
2026-06-12 23:19:57 [INFO]    get_user_page_400_no_page
2026-06-12 23:19:57 [INFO]    invalid_code_challenge_method_pkce_400
2026-06-12 23:19:57 [INFO]    invalid_code_verifier_format_PKCE_400
2026-06-12 23:19:57 [INFO]    register_client_400_clientProfile
2026-06-12 23:19:57 [INFO]    register_client_400_clientType
2026-06-12 23:19:57 [INFO]    register_client_404_no_user
2026-06-12 23:19:57 [INFO]    register_service_400_service_id
2026-06-12 23:19:57 [INFO]    register_service_400_service_type
2026-06-12 23:19:57 [INFO]    register_service_404_no_user
2026-06-12 23:19:57 [INFO]    register_user_400_email_exists
2026-06-12 23:19:57 [INFO]    register_user_400_no_password
2026-06-12 23:19:57 [INFO]    register_user_400_password_no_match
2026-06-12 23:19:57 [INFO]    register_user_400_user_exists
2026-06-12 23:19:57 [INFO]    update_client_400_clientProfile
2026-06-12 23:19:57 [INFO]    update_client_400_clientType
2026-06-12 23:19:57 [INFO]    update_client_404_clientId
2026-06-12 23:19:57 [INFO]    update_client_404_ownerId
2026-06-12 23:19:57 [INFO]    update_password_400_not_match
2026-06-12 23:19:57 [INFO]    update_password_401_wrong_password
2026-06-12 23:19:57 [INFO]    update_password_404_user_not_found
2026-06-12 23:19:57 [INFO]    update_service_404_service_id
2026-06-12 23:19:57 [INFO]    update_service_404_user_id
2026-06-12 23:19:57 [INFO]    update_user_404_no_user
2026-06-12 23:19:57 [INFO]    verification_failed_pkce_400
2026-06-12 23:19:58 [INFO] Abierto fichero zip D:\backup onedrive gva\PERSONAL\master_bigdata_VIU\TFM\tfm-microservices-anomaly-detection\server1\data/lo2-data.zip
2026-06-12 23:19:58 [INFO] El fichero light-oauth2-data-1722481872.tar esta en el zip
2026-06-12 23:19:58 [INFO] Empezamos a leer light-oauth2-data-1722481872/correct/metrics/metric_go_gc_duration_seconds.json
2026-06-12 23:19:58 [INFO] Error al decodificar fichero (<TarInfo 'light-oauth2-data-1722481872/correct/metrics/metric_go_gc_duration_seconds.json' at 0x1ecb4e77880>)
2026-06-12 23:19:58 [ERROR] ❌ Fallo en [Carga de miembro: light-oauth2-data-1722481872/correct/metrics/metric_go_gc_duration_seconds.json] -> JSONDecodeError (decoder.py | raw_decode() | Línea 363)
2026-06-12 23:19:58 [INFO] ============================================================
2026-06-12 23:19:58 [INFO] 📋 DIAGNÓSTICO DE ERROR - CONTEXTO: CARGA DE MIEMBRO: LIGHT-OAUTH2-DATA-1722481872/CORRECT/METRICS/METRIC_GO_GC_DURATION_SECONDS.JSON
2026-06-12 23:19:58 [INFO] • Tipo de Error: JSONDecodeError
2026-06-12 23:19:58 [INFO] • Mensaje: Expecting value: line 1 column 1 (char 0)
2026-06-12 23:19:58 [INFO] • Archivo: decoder.py
2026-06-12 23:19:58 [INFO] • Función: raw_decode()
2026-06-12 23:19:58 [INFO] • Línea: 363
2026-06-12 23:19:58 [INFO] • Código problemático: raise JSONDecodeError("Expecting value", s, err.value) from None
2026-06-12 23:19:58 [INFO] ============================================================
2026-06-12 23:19:58 [INFO] Fin lectura      light-oauth2-data-1722481872/correct/metrics/metric_go_gc_duration_seconds.json
2026-06-12 23:19:58 [INFO] N_datos = 0
2026-06-12 23:19:58 [INFO] El fichero light-oauth2-data-1722485475.tar esta en el zip
2026-06-12 23:19:58 [INFO] Empezamos a leer light-oauth2-data-1722485475/correct/metrics/metric_go_gc_duration_seconds.json
2026-06-12 23:19:58 [INFO] Error al decodificar fichero (<TarInfo 'light-oauth2-data-1722485475/correct/metrics/metric_go_gc_duration_seconds.json' at 0x1ecb4e77880>)
2026-06-12 23:19:58 [ERROR] ❌ Fallo en [Carga de miembro: light-oauth2-data-1722485475/correct/metrics/metric_go_gc_duration_seconds.json] -> JSONDecodeError (decoder.py | raw_decode() | Línea 363)
2026-06-12 23:19:58 [INFO] ============================================================
2026-06-12 23:19:58 [INFO] 📋 DIAGNÓSTICO DE ERROR - CONTEXTO: CARGA DE MIEMBRO: LIGHT-OAUTH2-DATA-1722485475/CORRECT/METRICS/METRIC_GO_GC_DURATION_SECONDS.JSON
2026-06-12 23:19:58 [INFO] • Tipo de Error: JSONDecodeError
2026-06-12 23:19:58 [INFO] • Mensaje: Expecting value: line 1 column 1 (char 0)
2026-06-12 23:19:58 [INFO] • Archivo: decoder.py
2026-06-12 23:19:58 [INFO] • Función: raw_decode()
2026-06-12 23:19:58 [INFO] • Línea: 363
2026-06-12 23:19:58 [INFO] • Código problemático: raise JSONDecodeError("Expecting value", s, err.value) from None
2026-06-12 23:19:58 [INFO] ============================================================
2026-06-12 23:19:58 [INFO] Fin lectura      light-oauth2-data-1722485475/correct/metrics/metric_go_gc_duration_seconds.json
2026-06-12 23:19:58 [INFO] N_datos = 0
2026-06-12 23:19:58 [INFO] El fichero light-oauth2-data-1722489070.tar esta en el zip
2026-06-12 23:19:58 [INFO] Empezamos a leer light-oauth2-data-1722489070/correct/metrics/metric_go_gc_duration_seconds.json
2026-06-12 23:19:58 [INFO] Error al decodificar fichero (<TarInfo 'light-oauth2-data-1722489070/correct/metrics/metric_go_gc_duration_seconds.json' at 0x1ecb4e77940>)
2026-06-12 23:19:58 [ERROR] ❌ Fallo en [Carga de miembro: light-oauth2-data-1722489070/correct/metrics/metric_go_gc_duration_seconds.json] -> JSONDecodeError (decoder.py | raw_decode() | Línea 363)
2026-06-12 23:19:58 [INFO] ============================================================
2026-06-12 23:19:58 [INFO] 📋 DIAGNÓSTICO DE ERROR - CONTEXTO: CARGA DE MIEMBRO: LIGHT-OAUTH2-DATA-1722489070/CORRECT/METRICS/METRIC_GO_GC_DURATION_SECONDS.JSON
2026-06-12 23:19:58 [INFO] • Tipo de Error: JSONDecodeError
2026-06-12 23:19:58 [INFO] • Mensaje: Expecting value: line 1 column 1 (char 0)
2026-06-12 23:19:58 [INFO] • Archivo: decoder.py
2026-06-12 23:19:58 [INFO] • Función: raw_decode()
2026-06-12 23:19:58 [INFO] • Línea: 363
2026-06-12 23:19:58 [INFO] • Código problemático: raise JSONDecodeError("Expecting value", s, err.value) from None
2026-06-12 23:19:58 [INFO] ============================================================
2026-06-12 23:19:58 [INFO] Fin lectura      light-oauth2-data-1722489070/correct/metrics/metric_go_gc_duration_seconds.json
2026-06-12 23:19:58 [INFO] N_datos = 0
2026-06-12 23:19:58 [INFO] El fichero light-oauth2-data-1722492675.tar esta en el zip
2026-06-12 23:19:58 [INFO] Empezamos a leer light-oauth2-data-1722492675/correct/metrics/metric_go_gc_duration_seconds.json
2026-06-12 23:19:58 [INFO] Error al decodificar fichero (<TarInfo 'light-oauth2-data-1722492675/correct/metrics/metric_go_gc_duration_seconds.json' at 0x1ecb4e77a00>)
2026-06-12 23:19:58 [ERROR] ❌ Fallo en [Carga de miembro: light-oauth2-data-1722492675/correct/metrics/metric_go_gc_duration_seconds.json] -> JSONDecodeError (decoder.py | raw_decode() | Línea 363)
2026-06-12 23:19:58 [INFO] ============================================================
2026-06-12 23:19:58 [INFO] 📋 DIAGNÓSTICO DE ERROR - CONTEXTO: CARGA DE MIEMBRO: LIGHT-OAUTH2-DATA-1722492675/CORRECT/METRICS/METRIC_GO_GC_DURATION_SECONDS.JSON
2026-06-12 23:19:58 [INFO] • Tipo de Error: JSONDecodeError
2026-06-12 23:19:58 [INFO] • Mensaje: Expecting value: line 1 column 1 (char 0)
2026-06-12 23:19:58 [INFO] • Archivo: decoder.py
2026-06-12 23:19:58 [INFO] • Función: raw_decode()
2026-06-12 23:19:58 [INFO] • Línea: 363
2026-06-12 23:19:58 [INFO] • Código problemático: raise JSONDecodeError("Expecting value", s, err.value) from None
2026-06-12 23:19:58 [INFO] ============================================================
2026-06-12 23:19:58 [INFO] Fin lectura      light-oauth2-data-1722492675/correct/metrics/metric_go_gc_duration_seconds.json
2026-06-12 23:19:58 [INFO] N_datos = 0
